Component: Arm Compiler for Embedded 6.21 Tool: armlink [5ec1fa00]

==============================================================================

Section Cross References

    startup.o(STACK) refers (Special) to heapauxi.o(.text) for __use_two_region_memory
    startup.o(HEAP) refers (Special) to heapauxi.o(.text) for __use_two_region_memory
    startup.o(RESET) refers (Special) to heapauxi.o(.text) for __use_two_region_memory
    startup.o(RESET) refers to startup.o(STACK) for StackMem
    startup.o(RESET) refers to measurementofdistance.o(.text.SysTick_Handler) for SysTick_Handler
    startup.o(RESET) refers to texas.o(i.Timer4A_Handler) for Timer4A_Handler
    startup.o(RESET) refers to texas.o(i.Timer5A_Handler) for Timer5A_Handler
    startup.o(RESET) refers to __main.o(!!!main) for __main
    startup.o(.text) refers (Special) to heapauxi.o(.text) for __use_two_region_memory
    startup.o(.text) refers to startup.o(HEAP) for HeapMem
    startup.o(.text) refers to startup.o(STACK) for StackMem
    measurementofdistance.o(.ARM.exidx.text.Convert) refers to measurementofdistance.o(.text.Convert) for [Anonymous Symbol]
    measurementofdistance.o(.ARM.exidx.text.SysTick_Init) refers to measurementofdistance.o(.text.SysTick_Init) for [Anonymous Symbol]
    measurementofdistance.o(.text.SysTick_Handler) refers to adc.o(.text.ADC0_In) for ADC0_In
    measurementofdistance.o(.text.SysTick_Handler) refers to measurementofdistance.o(.bss.ADCdata) for ADCdata
    measurementofdistance.o(.text.SysTick_Handler) refers to measurementofdistance.o(.bss.Flag) for Flag
    measurementofdistance.o(.ARM.exidx.text.SysTick_Handler) refers to measurementofdistance.o(.text.SysTick_Handler) for [Anonymous Symbol]
    measurementofdistance.o(.text.UART_ConvertDistance) refers to measurementofdistance.o(.bss.String) for String
    measurementofdistance.o(.ARM.exidx.text.UART_ConvertDistance) refers to measurementofdistance.o(.text.UART_ConvertDistance) for [Anonymous Symbol]
    measurementofdistance.o(.text.main) refers to adc.o(.text.ADC0_Init) for ADC0_Init
    measurementofdistance.o(.text.main) refers to st7735.o(.text.ST7735_InitR) for ST7735_InitR
    measurementofdistance.o(.text.main) refers to st7735.o(.text.ST7735_FillScreen) for ST7735_FillScreen
    measurementofdistance.o(.text.main) refers to st7735.o(.text.ST7735_SetCursor) for ST7735_SetCursor
    measurementofdistance.o(.text.main) refers to st7735.o(.text.ST7735_OutString) for ST7735_OutString
    measurementofdistance.o(.text.main) refers to startup.o(.text) for EnableInterrupts
    measurementofdistance.o(.text.main) refers to measurementofdistance.o(.bss.Flag) for Flag
    measurementofdistance.o(.text.main) refers to measurementofdistance.o(.bss.String) for String
    measurementofdistance.o(.text.main) refers to measurementofdistance.o(.bss.ADCdata) for ADCdata
    measurementofdistance.o(.text.main) refers to measurementofdistance.o(.bss.Distance) for Distance
    measurementofdistance.o(.ARM.exidx.text.main) refers to measurementofdistance.o(.text.main) for [Anonymous Symbol]
    adc.o(.ARM.exidx.text.ADC0_Init) refers to adc.o(.text.ADC0_Init) for [Anonymous Symbol]
    adc.o(.ARM.exidx.text.ADC0_In) refers to adc.o(.text.ADC0_In) for [Anonymous Symbol]
    st7735.o(.ARM.exidx.text.Delay1ms) refers to st7735.o(.text.Delay1ms) for [Anonymous Symbol]
    st7735.o(.text.ST7735_InitB) refers to st7735.o(.rodata.Bcmd) for Bcmd
    st7735.o(.text.ST7735_InitB) refers to st7735.o(.text.commonInit) for commonInit
    st7735.o(.text.ST7735_InitB) refers to st7735.o(.bss.StX) for StX
    st7735.o(.text.ST7735_InitB) refers to st7735.o(.bss.StY) for StY
    st7735.o(.text.ST7735_InitB) refers to st7735.o(.data.StTextColor) for StTextColor
    st7735.o(.text.ST7735_InitB) refers to st7735.o(.text.setAddrWindow) for setAddrWindow
    st7735.o(.ARM.exidx.text.ST7735_InitB) refers to st7735.o(.text.ST7735_InitB) for [Anonymous Symbol]
    st7735.o(.text.commonInit) refers to st7735.o(.bss.RowStart) for RowStart
    st7735.o(.text.commonInit) refers to st7735.o(.bss.ColStart) for ColStart
    st7735.o(.text.commonInit) refers to st7735.o(.text.commandList) for commandList
    st7735.o(.ARM.exidx.text.commonInit) refers to st7735.o(.text.commonInit) for [Anonymous Symbol]
    st7735.o(.text.ST7735_SetCursor) refers to st7735.o(.bss.StX) for StX
    st7735.o(.text.ST7735_SetCursor) refers to st7735.o(.bss.StY) for StY
    st7735.o(.ARM.exidx.text.ST7735_SetCursor) refers to st7735.o(.text.ST7735_SetCursor) for [Anonymous Symbol]
    st7735.o(.text.ST7735_FillScreen) refers to st7735.o(.text.setAddrWindow) for setAddrWindow
    st7735.o(.ARM.exidx.text.ST7735_FillScreen) refers to st7735.o(.text.ST7735_FillScreen) for [Anonymous Symbol]
    st7735.o(.text.ST7735_InitR) refers to st7735.o(.rodata.Rcmd1) for Rcmd1
    st7735.o(.text.ST7735_InitR) refers to st7735.o(.text.commonInit) for commonInit
[...]
    st7735.o(.ARM.exidx.text.fillmessage) refers to st7735.o(.text.fillmessage) for [Anonymous Symbol]
    st7735.o(.text.ST7735_OutUDec) refers to st7735.o(.bss.Messageindex) for Messageindex
    st7735.o(.text.ST7735_OutUDec) refers to st7735.o(.text.fillmessage) for fillmessage
    st7735.o(.text.ST7735_OutUDec) refers to st7735.o(.bss.StY) for StY
    st7735.o(.text.ST7735_OutUDec) refers to st7735.o(.bss.Message) for Message
    st7735.o(.text.ST7735_OutUDec) refers to st7735.o(.bss.StX) for StX
    st7735.o(.text.ST7735_OutUDec) refers to st7735.o(.data.StTextColor) for StTextColor
    st7735.o(.text.ST7735_OutUDec) refers to st7735.o(.text.ST7735_DrawCharS) for ST7735_DrawCharS
    st7735.o(.ARM.exidx.text.ST7735_OutUDec) refers to st7735.o(.text.ST7735_OutUDec) for [Anonymous Symbol]
    st7735.o(.text.ST7735_SetRotation) refers to st7735.o(.bss.TabColor) for TabColor
    st7735.o(.ARM.exidx.text.ST7735_SetRotation) refers to st7735.o(.text.ST7735_SetRotation) for [Anonymous Symbol]
    st7735.o(.ARM.exidx.text.ST7735_InvertDisplay) refers to st7735.o(.text.ST7735_InvertDisplay) for [Anonymous Symbol]
    st7735.o(.text.ST7735_PlotClear) refers to st7735.o(.text.setAddrWindow) for setAddrWindow
    st7735.o(.text.ST7735_PlotClear) refers to st7735.o(.bss.Ymax) for Ymax
    st7735.o(.text.ST7735_PlotClear) refers to st7735.o(.bss.Ymin) for Ymin
    st7735.o(.text.ST7735_PlotClear) refers to st7735.o(.bss.Yrange) for Yrange
    st7735.o(.text.ST7735_PlotClear) refers to st7735.o(.bss.X) for X
    st7735.o(.ARM.exidx.text.ST7735_PlotClear) refers to st7735.o(.text.ST7735_PlotClear) for [Anonymous Symbol]
    st7735.o(.text.ST7735_PlotPoint) refers to st7735.o(.bss.Ymin) for Ymin
    st7735.o(.text.ST7735_PlotPoint) refers to st7735.o(.bss.Ymax) for Ymax
    st7735.o(.text.ST7735_PlotPoint) refers to st7735.o(.bss.Yrange) for Yrange
    st7735.o(.text.ST7735_PlotPoint) refers to st7735.o(.bss.X) for X
    st7735.o(.text.ST7735_PlotPoint) refers to st7735.o(.text.setAddrWindow) for setAddrWindow
    st7735.o(.ARM.exidx.text.ST7735_PlotPoint) refers to st7735.o(.text.ST7735_PlotPoint) for [Anonymous Symbol]
    st7735.o(.text.ST7735_PlotLine) refers to st7735.o(.bss.Ymin) for Ymin
    st7735.o(.text.ST7735_PlotLine) refers to st7735.o(.bss.Ymax) for Ymax
    st7735.o(.text.ST7735_PlotLine) refers to st7735.o(.bss.Yrange) for Yrange
    st7735.o(.text.ST7735_PlotLine) refers to st7735.o(.bss.lastj) for lastj
    st7735.o(.text.ST7735_PlotLine) refers to st7735.o(.bss.X) for X
    st7735.o(.text.ST7735_PlotLine) refers to st7735.o(.text.setAddrWindow) for setAddrWindow
    st7735.o(.ARM.exidx.text.ST7735_PlotLine) refers to st7735.o(.text.ST7735_PlotLine) for [Anonymous Symbol]
    st7735.o(.text.ST7735_PlotPoints) refers to st7735.o(.bss.Ymin) for Ymin
    st7735.o(.text.ST7735_PlotPoints) refers to st7735.o(.bss.Ymax) for Ymax
    st7735.o(.text.ST7735_PlotPoints) refers to st7735.o(.bss.Yrange) for Yrange
    st7735.o(.text.ST7735_PlotPoints) refers to st7735.o(.bss.X) for X
    st7735.o(.text.ST7735_PlotPoints) refers to st7735.o(.text.setAddrWindow) for setAddrWindow
    st7735.o(.ARM.exidx.text.ST7735_PlotPoints) refers to st7735.o(.text.ST7735_PlotPoints) for [Anonymous Symbol]
    st7735.o(.text.ST7735_PlotBar) refers to st7735.o(.bss.Ymin) for Ymin
    st7735.o(.text.ST7735_PlotBar) refers to st7735.o(.bss.Ymax) for Ymax
    st7735.o(.text.ST7735_PlotBar) refers to st7735.o(.bss.X) for X
    st7735.o(.text.ST7735_PlotBar) refers to st7735.o(.bss.Yrange) for Yrange
    st7735.o(.text.ST7735_PlotBar) refers to st7735.o(.text.setAddrWindow) for setAddrWindow
    st7735.o(.ARM.exidx.text.ST7735_PlotBar) refers to st7735.o(.text.ST7735_PlotBar) for [Anonymous Symbol]
    st7735.o(.text.ST7735_PlotdBfs) refers to st7735.o(.bss.X) for X
    st7735.o(.text.ST7735_PlotdBfs) refers to st7735.o(.rodata.dBfs) for dBfs
    st7735.o(.text.ST7735_PlotdBfs) refers to st7735.o(.text.setAddrWindow) for setAddrWindow
    st7735.o(.ARM.exidx.text.ST7735_PlotdBfs) refers to st7735.o(.text.ST7735_PlotdBfs) for [Anonymous Symbol]
    st7735.o(.text.ST7735_PlotNext) refers to st7735.o(.bss.X) for X
    st7735.o(.ARM.exidx.text.ST7735_PlotNext) refers to st7735.o(.text.ST7735_PlotNext) for [Anonymous Symbol]
    st7735.o(.text.ST7735_PlotNextErase) refers to st7735.o(.bss.X) for X
    st7735.o(.text.ST7735_PlotNextErase) refers to st7735.o(.text.setAddrWindow) for setAddrWindow
    st7735.o(.ARM.exidx.text.ST7735_PlotNextErase) refers to st7735.o(.text.ST7735_PlotNextErase) for [Anonymous Symbol]
    st7735.o(.text.ST7735_OutChar) refers to st7735.o(.bss.StY) for StY
    st7735.o(.text.ST7735_OutChar) refers to st7735.o(.bss.StX) for StX
    st7735.o(.text.ST7735_OutChar) refers to st7735.o(.data.StTextColor) for StTextColor
    st7735.o(.text.ST7735_OutChar) refers to st7735.o(.text.ST7735_DrawCharS) for ST7735_DrawCharS
    st7735.o(.text.ST7735_OutChar) refers to st7735.o(.rodata.str1.1) for .L.str
    st7735.o(.ARM.exidx.text.ST7735_OutChar) refers to st7735.o(.text.ST7735_OutChar) for [Anonymous Symbol]
    st7735.o(.text.ST7735_OutString) refers to st7735.o(.text.ST7735_OutChar) for ST7735_OutChar
    st7735.o(.ARM.exidx.text.ST7735_OutString) refers to st7735.o(.text.ST7735_OutString) for [Anonymous Symbol]
    st7735.o(.text.ST7735_SetTextColor) refers to st7735.o(.data.StTextColor) for StTextColor
    st7735.o(.ARM.exidx.text.ST7735_SetTextColor) refers to st7735.o(.text.ST7735_SetTextColor) for [Anonymous Symbol]
    st7735.o(.text.fputc) refers to st7735.o(.text.ST7735_OutChar) for ST7735_OutChar
    st7735.o(.ARM.exidx.text.fputc) refers to st7735.o(.text.fputc) for [Anonymous Symbol]
    st7735.o(.ARM.exidx.text.fgetc) refers to st7735.o(.text.fgetc) for [Anonymous Symbol]
    st7735.o(.ARM.exidx.text.ferror) refers to st7735.o(.text.ferror) for [Anonymous Symbol]
    st7735.o(.text.Output_Init) refers to st7735.o(.text.ST7735_InitR) for ST7735_InitR
    st7735.o(.text.Output_Init) refers to st7735.o(.text.setAddrWindow) for setAddrWindow
    st7735.o(.ARM.exidx.text.Output_Init) refers to st7735.o(.text.Output_Init) for [Anonymous Symbol]
    st7735.o(.text.Output_Clear) refers to st7735.o(.text.setAddrWindow) for setAddrWindow
    st7735.o(.ARM.exidx.text.Output_Clear) refers to st7735.o(.text.Output_Clear) for [Anonymous Symbol]
    st7735.o(.text.Output_Off) refers to st7735.o(.text.setAddrWindow) for setAddrWindow
    st7735.o(.ARM.exidx.text.Output_Off) refers to st7735.o(.text.Output_Off) for [Anonymous Symbol]
    st7735.o(.text.Output_On) refers to st7735.o(.text.ST7735_InitR) for ST7735_InitR
    st7735.o(.text.Output_On) refers to st7735.o(.text.setAddrWindow) for setAddrWindow
    st7735.o(.ARM.exidx.text.Output_On) refers to st7735.o(.text.Output_On) for [Anonymous Symbol]
    st7735.o(.text.Output_Color) refers to st7735.o(.data.StTextColor) for StTextColor
    st7735.o(.ARM.exidx.text.Output_Color) refers to st7735.o(.text.Output_Color) for [Anonymous Symbol]
    texas.o(i.Decrypt) refers to texas.o(.bss) for EncriptedMagicCode
    texas.o(i.Decrypt) refers to texas.o(.constdata) for DeScramble
    texas.o(i.Encrypt) refers to texas.o(i.SetCode) for SetCode
    texas.o(i.Encrypt) refers to texas.o(.bss) for MagicCode
    texas.o(i.Encrypt) refers to texas.o(.constdata) for Key
    texas.o(i.SetCode) refers to texas.o(.bss) for TExaS
    texas.o(i.SetCourse) refers to texas.o(.bss) for TExaS
    texas.o(i.SetGrade) refers to texas.o(i.Encrypt) for Encrypt
    texas.o(i.SetGrade) refers to texas.o(.bss) for MagicCode
    texas.o(i.SetMode) refers to texas.o(.bss) for TExaS
    texas.o(i.StartTimer4) refers to texas.o(.data) for ScopeCount
    texas.o(i.TExaS_Init) refers to texas.o(i.PLL_Init) for PLL_Init
    texas.o(i.TExaS_Init) refers to texas.o(i.SetCourse) for SetCourse
    texas.o(i.TExaS_Init) refers to texas.o(i.UART0_Init) for UART0_Init
    texas.o(i.TExaS_Init) refers to texas.o(i.SetCode) for SetCode
    texas.o(i.TExaS_Init) refers to texas.o(i.ADC1_Init) for ADC1_Init
    texas.o(i.TExaS_Init) refers to texas.o(.constdata) for IntroMsg
    texas.o(i.TExaS_Init) refers to texas.o(.bss) for TExaS
    texas.o(i.TExaS_Init) refers to texas.o(.data) for LastMode
    texas.o(i.Timer5A_Handler) refers to texas.o(i.ADC1_In) for ADC1_In
    texas.o(i.Timer5A_Handler) refers to texas.o(i.SetGrade) for SetGrade
    texas.o(i.Timer5A_Handler) refers to texas.o(i.checkADCconfiguration) for checkADCconfiguration
    texas.o(i.Timer5A_Handler) refers to texas.o(i.checkDisplayconfiguration) for checkDisplayconfiguration
    texas.o(i.Timer5A_Handler) refers to texas.o(i.checkLinearity) for checkLinearity
    texas.o(i.Timer5A_Handler) refers to texas.o(.data) for TExaS_Period
    texas.o(i.Timer5A_Handler) refers to texas.o(.bss) for TExaS
    texas.o(i.Timer5A_Handler) refers to texas.o(.constdata) for BlankMsg
    texas.o(i.Timer5A_Handler) refers to measurementofdistance.o(.bss.Distance) for Distance
    texas.o(i.checkADCconfiguration) refers to texas.o(.data) for InPort
    texas.o(i.checkDisplayconfiguration) refers to texas.o(.data) for Display
    texas.o(i.checkLinearity) refers to texas.o(.data) for r2
    __main.o(!!!main) refers to __rtentry.o(.ARM.Collect$$rtentry$$00000000) for __rt_entry
    __rtentry.o(.ARM.Collect$$rtentry$$00000000) refers (Special) to __rtentry2.o(.ARM.Collect$$rtentry$$0000000A) for __rt_entry_li
    __rtentry.o(.ARM.Collect$$rtentry$$00000000) refers (Special) to __rtentry2.o(.ARM.Collect$$rtentry$$0000000D) for __rt_entry_main
    __rtentry.o(.ARM.Collect$$rtentry$$00000000) refers (Special) to __rtentry2.o(.ARM.Collect$$rtentry$$0000000C) for __rt_entry_postli_1
    __rtentry.o(.ARM.Collect$$rtentry$$00000000) refers (Special) to __rtentry2.o(.ARM.Collect$$rtentry$$00000009) for __rt_entry_postsh_1
    __rtentry.o(.ARM.Collect$$rtentry$$00000000) refers (Special) to __rtentry2.o(.ARM.Collect$$rtentry$$00000002) for __rt_entry_presh_1
    __rtentry.o(.ARM.Collect$$rtentry$$00000000) refers (Special) to __rtentry4.o(.ARM.Collect$$rtentry$$00000004) for __rt_entry_sh
    __rtentry2.o(.ARM.Collect$$rtentry$$00000008) refers to boardinit2.o(.text) for _platform_post_stackheap_init
    __rtentry2.o(.ARM.Collect$$rtentry$$0000000A) refers to libinit.o(.ARM.Collect$$libinit$$00000000) for __rt_lib_init
    __rtentry2.o(.ARM.Collect$$rtentry$$0000000B) refers to boardinit3.o(.text) for _platform_post_lib_init
    __rtentry2.o(.ARM.Collect$$rtentry$$0000000D) refers to measurementofdistance.o(.text.main) for main
    __rtentry2.o(.ARM.Collect$$rtentry$$0000000D) refers to exit.o(.text) for exit
    __rtentry2.o(.ARM.exidx) refers to __rtentry2.o(.ARM.Collect$$rtentry$$00000001) for .ARM.Collect$$rtentry$$00000001
    __rtentry2.o(.ARM.exidx) refers to __rtentry2.o(.ARM.Collect$$rtentry$$00000008) for .ARM.Collect$$rtentry$$00000008
    __rtentry2.o(.ARM.exidx) refers to __rtentry2.o(.ARM.Collect$$rtentry$$0000000A) for .ARM.Collect$$rtentry$$0000000A
    __rtentry2.o(.ARM.exidx) refers to __rtentry2.o(.ARM.Collect$$rtentry$$0000000B) for .ARM.Collect$$rtentry$$0000000B
    __rtentry2.o(.ARM.exidx) refers to __rtentry2.o(.ARM.Collect$$rtentry$$0000000D) for .ARM.Collect$$rtentry$$0000000D
    __rtentry4.o(.ARM.Collect$$rtentry$$00000004) refers to sys_stackheap_outer.o(.text) for __user_setup_stackheap
    __rtentry4.o(.ARM.exidx) refers to __rtentry4.o(.ARM.Collect$$rtentry$$00000004) for .ARM.Collect$$rtentry$$00000004
    sys_stackheap_outer.o(.text) refers to libspace.o(.text) for __user_perproc_libspace
    sys_stackheap_outer.o(.text) refers to startup.o(.text) for __user_initial_stackheap
    exit.o(.text) refers to rtexit.o(.ARM.Collect$$rtexit$$00000000) for __rt_exit
    libinit.o(.ARM.Collect$$libinit$$00000000) refers (Special) to libinit2.o(.ARM.Collect$$libinit$$00000030) for __rt_lib_init_alloca_1
    libinit.o(.ARM.Collect$$libinit$$00000000) refers (Special) to libinit2.o(.ARM.Collect$$libinit$$0000002E) for __rt_lib_init_argv_1
    libinit.o(.ARM.Collect$$libinit$$00000000) refers (Special) to libinit2.o(.ARM.Collect$$libinit$$0000001D) for __rt_lib_init_atexit_1
    libinit.o(.ARM.Collect$$libinit$$00000000) refers (Special) to libinit2.o(.ARM.Collect$$libinit$$00000023) for __rt_lib_init_clock_1
    libinit.o(.ARM.Collect$$libinit$$00000000) refers (Special) to libinit2.o(.ARM.Collect$$libinit$$00000034) for __rt_lib_init_cpp_1
    libinit.o(.ARM.Collect$$libinit$$00000000) refers (Special) to libinit2.o(.ARM.Collect$$libinit$$00000032) for __rt_lib_init_exceptions_1
    libinit.o(.ARM.Collect$$libinit$$00000000) refers (Special) to libinit2.o(.ARM.Collect$$libinit$$00000002) for __rt_lib_init_fp_1
    libinit.o(.ARM.Collect$$libinit$$00000000) refers (Special) to libinit2.o(.ARM.Collect$$libinit$$00000021) for __rt_lib_init_fp_trap_1
    libinit.o(.ARM.Collect$$libinit$$00000000) refers (Special) to libinit2.o(.ARM.Collect$$libinit$$00000025) for __rt_lib_init_getenv_1
    libinit.o(.ARM.Collect$$libinit$$00000000) refers (Special) to libinit2.o(.ARM.Collect$$libinit$$0000000C) for __rt_lib_init_heap_1
    libinit.o(.ARM.Collect$$libinit$$00000000) refers (Special) to libinit2.o(.ARM.Collect$$libinit$$00000013) for __rt_lib_init_lc_collate_1
    libinit.o(.ARM.Collect$$libinit$$00000000) refers (Special) to libinit2.o(.ARM.Collect$$libinit$$00000015) for __rt_lib_init_lc_ctype_1
    libinit.o(.ARM.Collect$$libinit$$00000000) refers (Special) to libinit2.o(.ARM.Collect$$libinit$$00000017) for __rt_lib_init_lc_monetary_1
    libinit.o(.ARM.Collect$$libinit$$00000000) refers (Special) to libinit2.o(.ARM.Collect$$libinit$$00000019) for __rt_lib_init_lc_numeric_1
    libinit.o(.ARM.Collect$$libinit$$00000000) refers (Special) to libinit2.o(.ARM.Collect$$libinit$$0000001B) for __rt_lib_init_lc_time_1
    libinit.o(.ARM.Collect$$libinit$$00000000) refers (Special) to libinit2.o(.ARM.Collect$$libinit$$00000006) for __rt_lib_init_preinit_1
    libinit.o(.ARM.Collect$$libinit$$00000000) refers (Special) to libinit2.o(.ARM.Collect$$libinit$$00000010) for __rt_lib_init_rand_1
    libinit.o(.ARM.Collect$$libinit$$00000000) refers (Special) to libinit2.o(.ARM.Collect$$libinit$$00000004) for __rt_lib_init_relocate_pie_1
    libinit.o(.ARM.Collect$$libinit$$00000000) refers (Special) to libinit2.o(.ARM.Collect$$libinit$$00000035) for __rt_lib_init_return
    libinit.o(.ARM.Collect$$libinit$$00000000) refers (Special) to libinit2.o(.ARM.Collect$$libinit$$0000001F) for __rt_lib_init_signal_1
    libinit.o(.ARM.Collect$$libinit$$00000000) refers (Special) to libinit2.o(.ARM.Collect$$libinit$$00000027) for __rt_lib_init_stdio_1
    libinit.o(.ARM.Collect$$libinit$$00000000) refers (Special) to libinit2.o(.ARM.Collect$$libinit$$0000000E) for __rt_lib_init_user_alloc_1
    libspace.o(.text) refers to libspace.o(.bss) for __libspace_start
    rtexit.o(.ARM.Collect$$rtexit$$00000000) refers (Special) to rtexit2.o(.ARM.Collect$$rtexit$$00000004) for __rt_exit_exit
    rtexit.o(.ARM.Collect$$rtexit$$00000000) refers (Special) to rtexit2.o(.ARM.Collect$$rtexit$$00000003) for __rt_exit_ls
    rtexit.o(.ARM.Collect$$rtexit$$00000000) refers (Special) to rtexit2.o(.ARM.Collect$$rtexit$$00000002) for __rt_exit_prels_1
    rtexit.o(.ARM.exidx) refers (Special) to rtexit2.o(.ARM.Collect$$rtexit$$00000004) for __rt_exit_exit
    rtexit.o(.ARM.exidx) refers (Special) to rtexit2.o(.ARM.Collect$$rtexit$$00000003) for __rt_exit_ls
    rtexit.o(.ARM.exidx) refers (Special) to rtexit2.o(.ARM.Collect$$rtexit$$00000002) for __rt_exit_prels_1
    rtexit.o(.ARM.exidx) refers to rtexit.o(.ARM.Collect$$rtexit$$00000000) for .ARM.Collect$$rtexit$$00000000
    libinit2.o(.ARM.Collect$$libinit$$00000012) refers to libinit2.o(.ARM.Collect$$libinit$$00000011) for .ARM.Collect$$libinit$$00000011
    libinit2.o(.ARM.Collect$$libinit$$00000014) refers to libinit2.o(.ARM.Collect$$libinit$$00000011) for .ARM.Collect$$libinit$$00000011
    libinit2.o(.ARM.Collect$$libinit$$00000016) refers to libinit2.o(.ARM.Collect$$libinit$$00000011) for .ARM.Collect$$libinit$$00000011
    libinit2.o(.ARM.Collect$$libinit$$00000018) refers to libinit2.o(.ARM.Collect$$libinit$$00000011) for .ARM.Collect$$libinit$$00000011
    libinit2.o(.ARM.Collect$$libinit$$0000001A) refers to libinit2.o(.ARM.Collect$$libinit$$00000011) for .ARM.Collect$$libinit$$00000011
    libinit2.o(.ARM.Collect$$libinit$$00000028) refers to argv_veneer.o(.emb_text) for __ARM_argv_veneer
    libinit2.o(.ARM.Collect$$libinit$$00000029) refers to argv_veneer.o(.emb_text) for __ARM_argv_veneer
    rtexit2.o(.ARM.Collect$$rtexit$$00000003) refers to libshutdown.o(.ARM.Collect$$libshutdown$$00000000) for __rt_lib_shutdown
    rtexit2.o(.ARM.Collect$$rtexit$$00000004) refers to sys_exit.o(.text) for _sys_exit
    rtexit2.o(.ARM.exidx) refers to rtexit2.o(.ARM.Collect$$rtexit$$00000001) for .ARM.Collect$$rtexit$$00000001
    rtexit2.o(.ARM.exidx) refers to rtexit2.o(.ARM.Collect$$rtexit$$00000003) for .ARM.Collect$$rtexit$$00000003
    rtexit2.o(.ARM.exidx) refers to rtexit2.o(.ARM.Collect$$rtexit$$00000004) for .ARM.Collect$$rtexit$$00000004
    argv_veneer.o(.emb_text) refers to no_argv.o(.text) for __ARM_get_argv
    sys_exit.o(.text) refers (Special) to use_no_semi.o(.text) for __I$use$semihosting
    sys_exit.o(.text) refers (Special) to indicate_semi.o(.text) for __semihosting_library_function
    sys_exit_hlt.o(.text) refers (Special) to use_no_semi.o(.text) for __I$use$semihosting
    sys_exit_hlt.o(.text) refers (Special) to indicate_semi.o(.text) for __semihosting_library_function
    _get_argv_nomalloc.o(.text) refers (Special) to hrguard.o(.text) for __heap_region$guard
    _get_argv_nomalloc.o(.text) refers to defsig_rtmem_outer.o(.text) for __rt_SIGRTMEM
    _get_argv_nomalloc.o(.text) refers to sys_command.o(.text) for _sys_command_string
    libshutdown.o(.ARM.Collect$$libshutdown$$00000000) refers (Special) to libshutdown2.o(.ARM.Collect$$libshutdown$$00000002) for __rt_lib_shutdown_cpp_1
    libshutdown.o(.ARM.Collect$$libshutdown$$00000000) refers (Special) to libshutdown2.o(.ARM.Collect$$libshutdown$$00000007) for __rt_lib_shutdown_fp_trap_1
    libshutdown.o(.ARM.Collect$$libshutdown$$00000000) refers (Special) to libshutdown2.o(.ARM.Collect$$libshutdown$$0000000F) for __rt_lib_shutdown_heap_1
    libshutdown.o(.ARM.Collect$$libshutdown$$00000000) refers (Special) to libshutdown2.o(.ARM.Collect$$libshutdown$$00000010) for __rt_lib_shutdown_return
    libshutdown.o(.ARM.Collect$$libshutdown$$00000000) refers (Special) to libshutdown2.o(.ARM.Collect$$libshutdown$$0000000A) for __rt_lib_shutdown_signal_1
    libshutdown.o(.ARM.Collect$$libshutdown$$00000000) refers (Special) to libshutdown2.o(.ARM.Collect$$libshutdown$$00000004) for __rt_lib_shutdown_stdio_1
    libshutdown.o(.ARM.Collect$$libshutdown$$00000000) refers (Special) to libshutdown2.o(.ARM.Collect$$libshutdown$$0000000C) for __rt_lib_shutdown_user_alloc_1
    sys_command.o(.text) refers (Special) to use_no_semi.o(.text) for __I$use$semihosting
    sys_command.o(.text) refers (Special) to indicate_semi.o(.text) for __semihosting_library_function
    sys_command_hlt.o(.text) refers (Special) to use_no_semi.o(.text) for __I$use$semihosting
    sys_command_hlt.o(.text) refers (Special) to indicate_semi.o(.text) for __semihosting_library_function
    defsig_rtmem_outer.o(.text) refers to defsig_rtmem_inner.o(.text) for __rt_SIGRTMEM_inner
    defsig_rtmem_outer.o(.text) refers to defsig_exit.o(.text) for __sig_exit
    defsig_rtmem_formal.o(.text) refers to rt_raise.o(.text) for __rt_raise
    rt_raise.o(.text) refers to __raise.o(.text) for __raise
    rt_raise.o(.text) refers to sys_exit.o(.text) for _sys_exit
    defsig_exit.o(.text) refers to sys_exit.o(.text) for _sys_exit
    defsig_rtmem_inner.o(.text) refers to defsig_general.o(.text) for __default_signal_display
    __raise.o(.text) refers to defsig.o(CL$$defsig) for __default_signal_handler
    defsig_general.o(.text) refers to sys_wrch.o(.text) for _ttywrch
    sys_wrch.o(.text) refers (Special) to use_no_semi.o(.text) for __I$use$semihosting
    sys_wrch.o(.text) refers (Special) to indicate_semi.o(.text) for __semihosting_library_function
    sys_wrch_hlt.o(.text) refers (Special) to use_no_semi.o(.text) for __I$use$semihosting
    sys_wrch_hlt.o(.text) refers (Special) to indicate_semi.o(.text) for __semihosting_library_function
    defsig.o(CL$$defsig) refers to defsig_rtmem_inner.o(.text) for __rt_SIGRTMEM_inner
    defsig_abrt_inner.o(.text) refers to defsig_general.o(.text) for __default_signal_display
    defsig_fpe_inner.o(.text) refers to defsig_general.o(.text) for __default_signal_display
    defsig_rtred_inner.o(.text) refers to defsig_general.o(.text) for __default_signal_display
    defsig_stak_inner.o(.text) refers to defsig_general.o(.text) for __default_signal_display
    defsig_pvfn_inner.o(.text) refers to defsig_general.o(.text) for __default_signal_display
    defsig_cppl_inner.o(.text) refers to defsig_general.o(.text) for __default_signal_display
    defsig_segv_inner.o(.text) refers to defsig_general.o(.text) for __default_signal_display
    defsig_other.o(.text) refers to defsig_general.o(.text) for __default_signal_display


==============================================================================

Removing Unused input sections from the image.

    Removing measurementofdistance.o(.text), (0 bytes).
    Removing measurementofdistance.o(.text.Convert), (28 bytes).
    Removing measurementofdistance.o(.ARM.exidx.text.Convert), (8 bytes).
    Removing measurementofdistance.o(.text.SysTick_Init), (36 bytes).
    Removing measurementofdistance.o(.ARM.exidx.text.SysTick_Init), (8 bytes).
    Removing measurementofdistance.o(.ARM.exidx.text.SysTick_Handler), (8 bytes).
    Removing measurementofdistance.o(.text.UART_ConvertDistance), (122 bytes).
    Removing measurementofdistance.o(.ARM.exidx.text.UART_ConvertDistance), (8 bytes).
    Removing measurementofdistance.o(.ARM.exidx.text.main), (8 bytes).
    Removing measurementofdistance.o(.ARM.use_no_argv), (4 bytes).
    Removing adc.o(.text), (0 bytes).
    Removing adc.o(.ARM.exidx.text.ADC0_Init), (8 bytes).
    Removing adc.o(.ARM.exidx.text.ADC0_In), (8 bytes).
    Removing st7735.o(.text), (0 bytes).
    Removing st7735.o(.text.Delay1ms), (42 bytes).
    Removing st7735.o(.ARM.exidx.text.Delay1ms), (8 bytes).
    Removing st7735.o(.text.ST7735_InitB), (132 bytes).
    Removing st7735.o(.ARM.exidx.text.ST7735_InitB), (8 bytes).
    Removing st7735.o(.ARM.exidx.text.commonInit), (8 bytes).
    Removing st7735.o(.ARM.exidx.text.ST7735_SetCursor), (8 bytes).
    Removing st7735.o(.ARM.exidx.text.ST7735_FillScreen), (8 bytes).
    Removing st7735.o(.ARM.exidx.text.ST7735_InitR), (8 bytes).
    Removing st7735.o(.ARM.exidx.text.commandList), (8 bytes).
    Removing st7735.o(.text.ST7735_DrawPixel), (84 bytes).
    Removing st7735.o(.ARM.exidx.text.ST7735_DrawPixel), (8 bytes).
    Removing st7735.o(.ARM.exidx.text.setAddrWindow), (8 bytes).
    Removing st7735.o(.text.ST7735_DrawFastVLine), (106 bytes).
    Removing st7735.o(.ARM.exidx.text.ST7735_DrawFastVLine), (8 bytes).
    Removing st7735.o(.text.ST7735_DrawFastHLine), (106 bytes).
    Removing st7735.o(.ARM.exidx.text.ST7735_DrawFastHLine), (8 bytes).
    Removing st7735.o(.ARM.exidx.text.ST7735_FillRect), (8 bytes).
    Removing st7735.o(.text.ST7735_Color565), (20 bytes).
    Removing st7735.o(.ARM.exidx.text.ST7735_Color565), (8 bytes).
    Removing st7735.o(.text.ST7735_SwapColor), (16 bytes).
    Removing st7735.o(.ARM.exidx.text.ST7735_SwapColor), (8 bytes).
    Removing st7735.o(.text.ST7735_DrawBitmap), (266 bytes).
    Removing st7735.o(.ARM.exidx.text.ST7735_DrawBitmap), (8 bytes).
    Removing st7735.o(.ARM.exidx.text.ST7735_DrawCharS), (8 bytes).
    Removing st7735.o(.text.ST7735_DrawChar), (306 bytes).
    Removing st7735.o(.ARM.exidx.text.ST7735_DrawChar), (8 bytes).
    Removing st7735.o(.text.ST7735_DrawString), (106 bytes).
    Removing st7735.o(.ARM.exidx.text.ST7735_DrawString), (8 bytes).
    Removing st7735.o(.text.fillmessage), (70 bytes).
    Removing st7735.o(.ARM.exidx.text.fillmessage), (8 bytes).
    Removing st7735.o(.text.ST7735_OutUDec), (204 bytes).
    Removing st7735.o(.ARM.exidx.text.ST7735_OutUDec), (8 bytes).
    Removing st7735.o(.text.ST7735_SetRotation), (202 bytes).
    Removing st7735.o(.ARM.exidx.text.ST7735_SetRotation), (8 bytes).
    Removing st7735.o(.text.ST7735_InvertDisplay), (68 bytes).
    Removing st7735.o(.ARM.exidx.text.ST7735_InvertDisplay), (8 bytes).
    Removing st7735.o(.text.ST7735_PlotClear), (156 bytes).
    Removing st7735.o(.ARM.exidx.text.ST7735_PlotClear), (8 bytes).
    Removing st7735.o(.text.ST7735_PlotPoint), (360 bytes).
    Removing st7735.o(.ARM.exidx.text.ST7735_PlotPoint), (8 bytes).
    Removing st7735.o(.text.ST7735_PlotLine), (660 bytes).
    Removing st7735.o(.ARM.exidx.text.ST7735_PlotLine), (8 bytes).
    Removing st7735.o(.text.ST7735_PlotPoints), (298 bytes).
    Removing st7735.o(.ARM.exidx.text.ST7735_PlotPoints), (8 bytes).
    Removing st7735.o(.text.ST7735_PlotBar), (176 bytes).
    Removing st7735.o(.ARM.exidx.text.ST7735_PlotBar), (8 bytes).
    Removing st7735.o(.text.ST7735_PlotdBfs), (128 bytes).
    Removing st7735.o(.ARM.exidx.text.ST7735_PlotdBfs), (8 bytes).
    Removing st7735.o(.text.ST7735_PlotNext), (22 bytes).
    Removing st7735.o(.ARM.exidx.text.ST7735_PlotNext), (8 bytes).
    Removing st7735.o(.text.ST7735_PlotNextErase), (102 bytes).
    Removing st7735.o(.ARM.exidx.text.ST7735_PlotNextErase), (8 bytes).
    Removing st7735.o(.ARM.exidx.text.ST7735_OutChar), (8 bytes).
    Removing st7735.o(.ARM.exidx.text.ST7735_OutString), (8 bytes).
    Removing st7735.o(.text.ST7735_SetTextColor), (12 bytes).
    Removing st7735.o(.ARM.exidx.text.ST7735_SetTextColor), (8 bytes).
    Removing st7735.o(.text.fputc), (12 bytes).
    Removing st7735.o(.ARM.exidx.text.fputc), (8 bytes).
    Removing st7735.o(.text.fgetc), (4 bytes).
    Removing st7735.o(.ARM.exidx.text.fgetc), (8 bytes).
    Removing st7735.o(.text.ferror), (6 bytes).
    Removing st7735.o(.ARM.exidx.text.ferror), (8 bytes).
    Removing st7735.o(.text.Output_Init), (92 bytes).
    Removing st7735.o(.ARM.exidx.text.Output_Init), (8 bytes).
    Removing st7735.o(.text.Output_Clear), (84 bytes).
    Removing st7735.o(.ARM.exidx.text.Output_Clear), (8 bytes).
    Removing st7735.o(.text.Output_Off), (84 bytes).
    Removing st7735.o(.ARM.exidx.text.Output_Off), (8 bytes).
    Removing st7735.o(.text.Output_On), (92 bytes).
    Removing st7735.o(.ARM.exidx.text.Output_On), (8 bytes).
    Removing st7735.o(.text.Output_Color), (12 bytes).
    Removing st7735.o(.ARM.exidx.text.Output_Color), (8 bytes).
    Removing st7735.o(.rodata.Bcmd), (103 bytes).
    Removing st7735.o(.bss.Message), (12 bytes).
    Removing st7735.o(.bss.Messageindex), (4 bytes).
    Removing st7735.o(.bss.Ymax), (4 bytes).
    Removing st7735.o(.bss.Ymin), (4 bytes).
    Removing st7735.o(.bss.Yrange), (4 bytes).
    Removing st7735.o(.bss.X), (4 bytes).
    Removing st7735.o(.bss.lastj), (4 bytes).
    Removing st7735.o(.rodata.dBfs), (512 bytes).
    Removing texas.o(i.ADC1_Init), (212 bytes).
    Removing texas.o(i.Decrypt), (92 bytes).
    Removing texas.o(i.PLL_Init), (124 bytes).
    Removing texas.o(i.PortD2_Init), (108 bytes).
    Removing texas.o(i.SetCourse), (24 bytes).
    Removing texas.o(i.SetMode), (24 bytes).
    Removing texas.o(i.StartTimer4), (36 bytes).
    Removing texas.o(i.StopTimer4), (24 bytes).
    Removing texas.o(i.TExaS_Init), (656 bytes).
    Removing texas.o(i.TExaS_Stop), (28 bytes).
    Removing texas.o(i.UART0_InChar), (24 bytes).
    Removing texas.o(i.UART0_InCharNonBlocking), (28 bytes).
    Removing texas.o(i.UART0_Init), (192 bytes).
    Removing texas.o(i.UART0_OutChar), (24 bytes).
    Removing texas.o(i.UART0_OutCharNonBlock), (12 bytes).
    Removing texas.o(i.copy), (18 bytes).

111 unused section(s) (total 6879 bytes) removed from the image.

==============================================================================

Image Symbol Table

    Local Symbols

    Symbol Name                              Value     Ov Type        Size  Object(Section)

    ../clib/angel/boardlib.s                 0x00000000   Number         0  boardinit1.o ABSOLUTE
    ../clib/angel/boardlib.s                 0x00000000   Number         0  boardinit2.o ABSOLUTE
    ../clib/angel/boardlib.s                 0x00000000   Number         0  boardinit3.o ABSOLUTE
    ../clib/angel/boardlib.s                 0x00000000   Number         0  boardshut.o ABSOLUTE
    ../clib/angel/handlers.s                 0x00000000   Number         0  __scatter_copy.o ABSOLUTE
    ../clib/angel/handlers.s                 0x00000000   Number         0  __scatter_zi.o ABSOLUTE
    ../clib/angel/kernel.s                   0x00000000   Number         0  __rtentry.o ABSOLUTE
    ../clib/angel/kernel.s                   0x00000000   Number         0  __rtentry2.o ABSOLUTE
    ../clib/angel/kernel.s                   0x00000000   Number         0  __rtentry4.o ABSOLUTE
    ../clib/angel/kernel.s                   0x00000000   Number         0  rtexit.o ABSOLUTE
    ../clib/angel/kernel.s                   0x00000000   Number         0  rtexit2.o ABSOLUTE
    ../clib/angel/rt.s                       0x00000000   Number         0  rt_raise.o ABSOLUTE
    ../clib/angel/scatter.s                  0x00000000   Number         0  __scatter.o ABSOLUTE
    ../clib/angel/startup.s                  0x00000000   Number         0  __main.o ABSOLUTE
    ../clib/angel/sys.s                      0x00000000   Number         0  sys_stackheap_outer.o ABSOLUTE
    ../clib/angel/sys.s                      0x00000000   Number         0  libspace.o ABSOLUTE
    ../clib/angel/sys.s                      0x00000000   Number         0  use_no_semi.o ABSOLUTE
    ../clib/angel/sys.s                      0x00000000   Number         0  indicate_semi.o ABSOLUTE
    ../clib/angel/sysapp.c                   0x00000000   Number         0  sys_exit.o ABSOLUTE
    ../clib/angel/sysapp.c                   0x00000000   Number         0  sys_exit_hlt.o ABSOLUTE
    ../clib/angel/sysapp.c                   0x00000000   Number         0  sys_command.o ABSOLUTE
    ../clib/angel/sysapp.c                   0x00000000   Number         0  sys_command_hlt.o ABSOLUTE
    ../clib/angel/sysapp.c                   0x00000000   Number         0  sys_wrch.o ABSOLUTE
    ../clib/angel/sysapp.c                   0x00000000   Number         0  sys_wrch_hlt.o ABSOLUTE
    ../clib/armsys.c                         0x00000000   Number         0  argv_veneer.o ABSOLUTE
    ../clib/armsys.c                         0x00000000   Number         0  argv_veneer.o ABSOLUTE
    ../clib/armsys.c                         0x00000000   Number         0  _get_argv_nomalloc.o ABSOLUTE
    ../clib/armsys.c                         0x00000000   Number         0  no_argv.o ABSOLUTE
    ../clib/heapalloc.c                      0x00000000   Number         0  hrguard.o ABSOLUTE
    ../clib/heapaux.c                        0x00000000   Number         0  heapauxi.o ABSOLUTE
    ../clib/libinit.s                        0x00000000   Number         0  libinit.o ABSOLUTE
    ../clib/libinit.s                        0x00000000   Number         0  libinit2.o ABSOLUTE
    ../clib/libinit.s                        0x00000000   Number         0  libshutdown.o ABSOLUTE
    ../clib/libinit.s                        0x00000000   Number         0  libshutdown2.o ABSOLUTE
    ../clib/signal.c                         0x00000000   Number         0  defsig_rtmem_outer.o ABSOLUTE
    ../clib/signal.c                         0x00000000   Number         0  defsig_rtmem_formal.o ABSOLUTE
    ../clib/signal.c                         0x00000000   Number         0  defsig_exit.o ABSOLUTE
    ../clib/signal.c                         0x00000000   Number         0  defsig_rtmem_inner.o ABSOLUTE
    ../clib/signal.c                         0x00000000   Number         0  __raise.o ABSOLUTE
    ../clib/signal.c                         0x00000000   Number         0  defsig_general.o ABSOLUTE
    ../clib/signal.c                         0x00000000   Number         0  defsig_abrt_inner.o ABSOLUTE
    ../clib/signal.c                         0x00000000   Number         0  defsig_fpe_inner.o ABSOLUTE
    ../clib/signal.c                         0x00000000   Number         0  defsig_rtred_inner.o ABSOLUTE
    ../clib/signal.c                         0x00000000   Number         0  defsig_stak_inner.o ABSOLUTE
    ../clib/signal.c                         0x00000000   Number         0  defsig_pvfn_inner.o ABSOLUTE
    ../clib/signal.c                         0x00000000   Number         0  defsig_cppl_inner.o ABSOLUTE
    ../clib/signal.c                         0x00000000   Number         0  defsig_segv_inner.o ABSOLUTE
    ../clib/signal.c                         0x00000000   Number         0  defsig_other.o ABSOLUTE
    ../clib/signal.s                         0x00000000   Number         0  defsig.o ABSOLUTE
    ../clib/stdlib.c                         0x00000000   Number         0  exit.o ABSOLUTE
    ../fplib/fpinit.s                        0x00000000   Number         0  fpinit.o ABSOLUTE
    ../fplib/fpinit_empty.s                  0x00000000   Number         0  fpinit_empty.o ABSOLUTE
    ADC.c                                    0x00000000   Number         0  adc.o ABSOLUTE
    MeasurementOfDistance.c                  0x00000000   Number         0  measurementofdistance.o ABSOLUTE
    ST7735.c                                 0x00000000   Number         0  st7735.o ABSOLUTE
    TExaS.c                                  0x00000000   Number         0  texas.o ABSOLUTE
    dc.s                                     0x00000000   Number         0  dc.o ABSOLUTE
    startup.s                                0x00000000   Number         0  startup.o ABSOLUTE
    RESET                                    0x00000000   Section      644  startup.o(RESET)
    !!!main                                  0x00000284   Section        8  __main.o(!!!main)
    !!!scatter                               0x0000028c   Section       92  __scatter.o(!!!scatter)
    !!handler_copy                           0x000002e8   Section       26  __scatter_copy.o(!!handler_copy)
    !!handler_null                           0x00000304   Section        2  __scatter.o(!!handler_null)
    !!handler_zi                             0x00000308   Section       28  __scatter_zi.o(!!handler_zi)
    .ARM.Collect$$libinit$$00000000          0x00000324   Section        2  libinit.o(.ARM.Collect$$libinit$$00000000)
    .ARM.Collect$$libinit$$00000002          0x00000326   Section        0  libinit2.o(.ARM.Collect$$libinit$$00000002)
    .ARM.Collect$$libinit$$00000004          0x00000326   Section        0  libinit2.o(.ARM.Collect$$libinit$$00000004)
    .ARM.Collect$$libinit$$00000006          0x00000326   Section        0  libinit2.o(.ARM.Collect$$libinit$$00000006)
    .ARM.Collect$$libinit$$0000000C          0x00000326   Section        0  libinit2.o(.ARM.Collect$$libinit$$0000000C)
    .ARM.Collect$$libinit$$0000000E          0x00000326   Section        0  libinit2.o(.ARM.Collect$$libinit$$0000000E)
    .ARM.Collect$$libinit$$00000010          0x00000326   Section        0  libinit2.o(.ARM.Collect$$libinit$$00000010)
    .ARM.Collect$$libinit$$00000013          0x00000326   Section        0  libinit2.o(.ARM.Collect$$libinit$$00000013)
    .ARM.Collect$$libinit$$00000015          0x00000326   Section        0  libinit2.o(.ARM.Collect$$libinit$$00000015)
    .ARM.Collect$$libinit$$00000017          0x00000326   Section        0  libinit2.o(.ARM.Collect$$libinit$$00000017)
    .ARM.Collect$$libinit$$00000019          0x00000326   Section        0  libinit2.o(.ARM.Collect$$libinit$$00000019)
    .ARM.Collect$$libinit$$0000001B          0x00000326   Section        0  libinit2.o(.ARM.Collect$$libinit$$0000001B)
    .ARM.Collect$$libinit$$0000001D          0x00000326   Section        0  libinit2.o(.ARM.Collect$$libinit$$0000001D)
    .ARM.Collect$$libinit$$0000001F          0x00000326   Section        0  libinit2.o(.ARM.Collect$$libinit$$0000001F)
    .ARM.Collect$$libinit$$00000021          0x00000326   Section        0  libinit2.o(.ARM.Collect$$libinit$$00000021)
    .ARM.Collect$$libinit$$00000023          0x00000326   Section        0  libinit2.o(.ARM.Collect$$libinit$$00000023)
    .ARM.Collect$$libinit$$00000025          0x00000326   Section        0  libinit2.o(.ARM.Collect$$libinit$$00000025)
    .ARM.Collect$$libinit$$00000027          0x00000326   Section        0  libinit2.o(.ARM.Collect$$libinit$$00000027)
    .ARM.Collect$$libinit$$0000002E          0x00000326   Section        0  libinit2.o(.ARM.Collect$$libinit$$0000002E)
    .ARM.Collect$$libinit$$00000030          0x00000326   Section        0  libinit2.o(.ARM.Collect$$libinit$$00000030)
    .ARM.Collect$$libinit$$00000032          0x00000326   Section        0  libinit2.o(.ARM.Collect$$libinit$$00000032)
    .ARM.Collect$$libinit$$00000034          0x00000326   Section        0  libinit2.o(.ARM.Collect$$libinit$$00000034)
    .ARM.Collect$$libinit$$00000035          0x00000326   Section        2  libinit2.o(.ARM.Collect$$libinit$$00000035)
    .ARM.Collect$$libshutdown$$00000000      0x00000328   Section        2  libshutdown.o(.ARM.Collect$$libshutdown$$00000000)
    .ARM.Collect$$libshutdown$$00000002      0x0000032a   Section        0  libshutdown2.o(.ARM.Collect$$libshutdown$$00000002)
    .ARM.Collect$$libshutdown$$00000004      0x0000032a   Section        0  libshutdown2.o(.ARM.Collect$$libshutdown$$00000004)
    .ARM.Collect$$libshutdown$$00000007      0x0000032a   Section        0  libshutdown2.o(.ARM.Collect$$libshutdown$$00000007)
    .ARM.Collect$$libshutdown$$0000000A      0x0000032a   Section        0  libshutdown2.o(.ARM.Collect$$libshutdown$$0000000A)
    .ARM.Collect$$libshutdown$$0000000C      0x0000032a   Section        0  libshutdown2.o(.ARM.Collect$$libshutdown$$0000000C)
    .ARM.Collect$$libshutdown$$0000000F      0x0000032a   Section        0  libshutdown2.o(.ARM.Collect$$libshutdown$$0000000F)
    .ARM.Collect$$libshutdown$$00000010      0x0000032a   Section        2  libshutdown2.o(.ARM.Collect$$libshutdown$$00000010)
    .ARM.Collect$$rtentry$$00000000          0x0000032c   Section        0  __rtentry.o(.ARM.Collect$$rtentry$$00000000)
    .ARM.Collect$$rtentry$$00000002          0x0000032c   Section        0  __rtentry2.o(.ARM.Collect$$rtentry$$00000002)
    .ARM.Collect$$rtentry$$00000004          0x0000032c   Section        6  __rtentry4.o(.ARM.Collect$$rtentry$$00000004)
    .ARM.Collect$$rtentry$$00000009          0x00000332   Section        0  __rtentry2.o(.ARM.Collect$$rtentry$$00000009)
    .ARM.Collect$$rtentry$$0000000A          0x00000332   Section        4  __rtentry2.o(.ARM.Collect$$rtentry$$0000000A)
    .ARM.Collect$$rtentry$$0000000C          0x00000336   Section        0  __rtentry2.o(.ARM.Collect$$rtentry$$0000000C)
    .ARM.Collect$$rtentry$$0000000D          0x00000336   Section        8  __rtentry2.o(.ARM.Collect$$rtentry$$0000000D)
    .ARM.Collect$$rtexit$$00000000           0x0000033e   Section        2  rtexit.o(.ARM.Collect$$rtexit$$00000000)
    .ARM.Collect$$rtexit$$00000002           0x00000340   Section        0  rtexit2.o(.ARM.Collect$$rtexit$$00000002)
    .ARM.Collect$$rtexit$$00000003           0x00000340   Section        4  rtexit2.o(.ARM.Collect$$rtexit$$00000003)
    .ARM.Collect$$rtexit$$00000004           0x00000344   Section        6  rtexit2.o(.ARM.Collect$$rtexit$$00000004)
    .text                                    0x0000034c   Section       48  startup.o(.text)
    .text                                    0x0000037c   Section        0  heapauxi.o(.text)
    .text                                    0x00000382   Section       74  sys_stackheap_outer.o(.text)
    .text                                    0x000003cc   Section        0  exit.o(.text)
    .text                                    0x000003e0   Section        8  libspace.o(.text)
    .text                                    0x000003e8   Section        0  sys_exit.o(.text)
    .text                                    0x000003f4   Section        2  use_no_semi.o(.text)
    .text                                    0x000003f6   Section        0  indicate_semi.o(.text)
    [Anonymous Symbol]                       0x000003f8   Section        0  adc.o(.text.ADC0_In)
    [Anonymous Symbol]                       0x00000418   Section        0  adc.o(.text.ADC0_Init)
    [Anonymous Symbol]                       0x000004b0   Section        0  st7735.o(.text.ST7735_DrawCharS)
    [Anonymous Symbol]                       0x00000638   Section        0  st7735.o(.text.ST7735_FillRect)
    [Anonymous Symbol]                       0x000006d0   Section        0  st7735.o(.text.ST7735_FillScreen)
    [Anonymous Symbol]                       0x0000072c   Section        0  st7735.o(.text.ST7735_InitR)
    [Anonymous Symbol]                       0x0000082c   Section        0  st7735.o(.text.ST7735_OutChar)
    [Anonymous Symbol]                       0x00000938   Section        0  st7735.o(.text.ST7735_OutString)
    [Anonymous Symbol]                       0x00000958   Section        0  st7735.o(.text.ST7735_SetCursor)
    [Anonymous Symbol]                       0x00000978   Section        0  measurementofdistance.o(.text.SysTick_Handler)
    commandList                              0x00000999   Thumb Code   168  st7735.o(.text.commandList)
    [Anonymous Symbol]                       0x00000998   Section        0  st7735.o(.text.commandList)
    commonInit                               0x00000a41   Thumb Code   428  st7735.o(.text.commonInit)
    [Anonymous Symbol]                       0x00000a40   Section        0  st7735.o(.text.commonInit)
    [Anonymous Symbol]                       0x00000bec   Section        0  measurementofdistance.o(.text.main)
    setAddrWindow                            0x00000cf9   Thumb Code   310  st7735.o(.text.setAddrWindow)
    [Anonymous Symbol]                       0x00000cf8   Section        0  st7735.o(.text.setAddrWindow)
    i.ADC1_In                                0x00000e30   Section        0  texas.o(i.ADC1_In)
    i.Encrypt                                0x00000e3c   Section        0  texas.o(i.Encrypt)
    i.SetCode                                0x00000ea8   Section        0  texas.o(i.SetCode)
    i.SetGrade                               0x00000ec0   Section        0  texas.o(i.SetGrade)
    i.Timer4A_Handler                        0x00000f8c   Section        0  texas.o(i.Timer4A_Handler)
    i.Timer5A_Handler                        0x00000fac   Section        0  texas.o(i.Timer5A_Handler)
    i.checkADCconfiguration                  0x0000182c   Section        0  texas.o(i.checkADCconfiguration)
    i.checkDisplayconfiguration              0x000018d4   Section        0  texas.o(i.checkDisplayconfiguration)
    i.checkLinearity                         0x00001b7c   Section        0  texas.o(i.checkLinearity)
    .constdata                               0x00001d20   Section     7056  texas.o(.constdata)
    Font                                     0x000038b0   Data        1275  st7735.o(.rodata.Font)
    [Anonymous Symbol]                       0x000038b0   Section        0  st7735.o(.rodata.Font)
    Rcmd1                                    0x00003dab   Data          59  st7735.o(.rodata.Rcmd1)
    [Anonymous Symbol]                       0x00003dab   Section        0  st7735.o(.rodata.Rcmd1)
    Rcmd2green                               0x00003de6   Data          13  st7735.o(.rodata.Rcmd2green)
    [Anonymous Symbol]                       0x00003de6   Section        0  st7735.o(.rodata.Rcmd2green)
    Rcmd2red                                 0x00003df3   Data          13  st7735.o(.rodata.Rcmd2red)
    [Anonymous Symbol]                       0x00003df3   Section        0  st7735.o(.rodata.Rcmd2red)
    Rcmd3                                    0x00003e00   Data          43  st7735.o(.rodata.Rcmd3)
    [Anonymous Symbol]                       0x00003e00   Section        0  st7735.o(.rodata.Rcmd3)
    .L.str                                   0x00003e2b   Data          22  st7735.o(.rodata.str1.1)
    [Anonymous Symbol]                       0x00003e2b   Section        0  st7735.o(.rodata.str1.1)
    .data                                    0x20000000   Section      112  texas.o(.data)
    RealGrade                                0x20000010   Data           4  texas.o(.data)
    adc300                                   0x20000014   Data           4  texas.o(.data)
    adc500                                   0x20000018   Data           4  texas.o(.data)
    adc700                                   0x2000001c   Data           4  texas.o(.data)
    adc900                                   0x20000020   Data           4  texas.o(.data)
    adc1100                                  0x20000024   Data           4  texas.o(.data)
    dist300                                  0x20000028   Data           4  texas.o(.data)
    dist500                                  0x2000002c   Data           4  texas.o(.data)
    dist700                                  0x20000030   Data           4  texas.o(.data)
    dist900                                  0x20000034   Data           4  texas.o(.data)
    dist1100                                 0x20000038   Data           4  texas.o(.data)
    .bss                                     0x20000078   Section      628  texas.o(.bss)
    .bss                                     0x200002ec   Section       96  libspace.o(.bss)
    ColStart                                 0x20000350   Data           1  st7735.o(.bss.ColStart)
    [Anonymous Symbol]                       0x20000350   Section        0  st7735.o(.bss.ColStart)
    RowStart                                 0x2000035c   Data           1  st7735.o(.bss.RowStart)
    [Anonymous Symbol]                       0x2000035c   Section        0  st7735.o(.bss.RowStart)
    TabColor                                 0x20000372   Data           1  st7735.o(.bss.TabColor)
    [Anonymous Symbol]                       0x20000372   Section        0  st7735.o(.bss.TabColor)
    HeapMem                                  0x20000378   Data           0  startup.o(HEAP)
    StackMem                                 0x20000378   Data           0  startup.o(STACK)
    HEAP                                     0x20000378   Section        0  startup.o(HEAP)
    STACK                                    0x20000378   Section     1024  startup.o(STACK)

    Global Symbols

    Symbol Name                              Value     Ov Type        Size  Object(Section)

    BuildAttributes$$THM_ISAv4$E$P$D$K$B$S$7EM$PE$A:L22UL41UL21$X:L11$S22US41US21$IEEE1$IW$~IW$USESV6$~STKCKD$USESV7$~SHL$OTIME$ROPI$EBA8$UX$STANDARDLIB$REQ8$PRES8$EABIv2 0x00000000   Number         0  anon$$obj.o ABSOLUTE
    __Vectors                                0x00000000   Data           0  startup.o(RESET)
    __fp_init_empty                          0x00000000   Number         0  fpinit_empty.o ABSOLUTE
    __ARM_exceptions_init                     - Undefined Weak Reference
    __alloca_initialize                       - Undefined Weak Reference
    __arm_preinit_                            - Undefined Weak Reference
    __arm_relocate_pie_                       - Undefined Weak Reference
    __cpp_initialize__aeabi_                  - Undefined Weak Reference
    __cxa_finalize                            - Undefined Weak Reference
    __rt_locale                               - Undefined Weak Reference
    __sigvec_lookup                           - Undefined Weak Reference
    _atexit_init                              - Undefined Weak Reference
    _call_atexit_fns                          - Undefined Weak Reference
    _clock_init                               - Undefined Weak Reference
    _fp_trap_init                             - Undefined Weak Reference
    _fp_trap_shutdown                         - Undefined Weak Reference
    _get_lc_collate                           - Undefined Weak Reference
    _get_lc_ctype                             - Undefined Weak Reference
    _get_lc_monetary                          - Undefined Weak Reference
    _get_lc_numeric                           - Undefined Weak Reference
    _get_lc_time                              - Undefined Weak Reference
    _getenv_init                              - Undefined Weak Reference
    _handle_redirection                       - Undefined Weak Reference
    _init_alloc                               - Undefined Weak Reference
    _init_user_alloc                          - Undefined Weak Reference
    _initio                                   - Undefined Weak Reference
    _rand_init                                - Undefined Weak Reference
    _signal_finish                            - Undefined Weak Reference
    _signal_init                              - Undefined Weak Reference
    _terminate_alloc                          - Undefined Weak Reference
    _terminate_user_alloc                     - Undefined Weak Reference
    _terminateio                              - Undefined Weak Reference
    Reset_Handler                            0x0000026d   Thumb Code     0  startup.o(RESET)
    NMI_Handler                              0x00000271   Thumb Code     2  startup.o(RESET)
    HardFault_Handler                        0x00000273   Thumb Code     2  startup.o(RESET)
    MemManage_Handler                        0x00000275   Thumb Code     2  startup.o(RESET)
    BusFault_Handler                         0x00000277   Thumb Code     2  startup.o(RESET)
    UsageFault_Handler                       0x00000279   Thumb Code     2  startup.o(RESET)
    SVC_Handler                              0x0000027b   Thumb Code     2  startup.o(RESET)
    DebugMon_Handler                         0x0000027d   Thumb Code     2  startup.o(RESET)
    PendSV_Handler                           0x0000027f   Thumb Code     2  startup.o(RESET)
    ADC0Seq0_Handler                         0x00000283   Thumb Code     0  startup.o(RESET)
    ADC0Seq1_Handler                         0x00000283   Thumb Code     0  startup.o(RESET)
    ADC0Seq2_Handler                         0x00000283   Thumb Code     0  startup.o(RESET)
    ADC0Seq3_Handler                         0x00000283   Thumb Code     0  startup.o(RESET)
    ADC1Seq0_Handler                         0x00000283   Thumb Code     0  startup.o(RESET)
    ADC1Seq1_Handler                         0x00000283   Thumb Code     0  startup.o(RESET)
    ADC1Seq2_Handler                         0x00000283   Thumb Code     0  startup.o(RESET)
    ADC1Seq3_Handler                         0x00000283   Thumb Code     0  startup.o(RESET)
    CAN0_Handler                             0x00000283   Thumb Code     0  startup.o(RESET)
    CAN1_Handler                             0x00000283   Thumb Code     0  startup.o(RESET)
    CAN2_Handler                             0x00000283   Thumb Code     0  startup.o(RESET)
    Comp0_Handler                            0x00000283   Thumb Code     0  startup.o(RESET)
    Comp1_Handler                            0x00000283   Thumb Code     0  startup.o(RESET)
    Comp2_Handler                            0x00000283   Thumb Code     0  startup.o(RESET)
    Ethernet_Handler                         0x00000283   Thumb Code     0  startup.o(RESET)
    ExtBus_Handler                           0x00000283   Thumb Code     0  startup.o(RESET)
    FPU_Handler                              0x00000283   Thumb Code     0  startup.o(RESET)
    Fan0_Handler                             0x00000283   Thumb Code     0  startup.o(RESET)
    FlashCtl_Handler                         0x00000283   Thumb Code     0  startup.o(RESET)
    GPIOPortA_Handler                        0x00000283   Thumb Code     0  startup.o(RESET)
    GPIOPortB_Handler                        0x00000283   Thumb Code     0  startup.o(RESET)
    GPIOPortC_Handler                        0x00000283   Thumb Code     0  startup.o(RESET)
    GPIOPortD_Handler                        0x00000283   Thumb Code     0  startup.o(RESET)
    GPIOPortE_Handler                        0x00000283   Thumb Code     0  startup.o(RESET)
    GPIOPortF_Handler                        0x00000283   Thumb Code     0  startup.o(RESET)
    GPIOPortG_Handler                        0x00000283   Thumb Code     0  startup.o(RESET)
    GPIOPortH_Handler                        0x00000283   Thumb Code     0  startup.o(RESET)
    GPIOPortJ_Handler                        0x00000283   Thumb Code     0  startup.o(RESET)
    GPIOPortK_Handler                        0x00000283   Thumb Code     0  startup.o(RESET)
    GPIOPortL_Handler                        0x00000283   Thumb Code     0  startup.o(RESET)
    GPIOPortM_Handler                        0x00000283   Thumb Code     0  startup.o(RESET)
    GPIOPortN_Handler                        0x00000283   Thumb Code     0  startup.o(RESET)
    GPIOPortP1_Handler                       0x00000283   Thumb Code     0  startup.o(RESET)
    GPIOPortP2_Handler                       0x00000283   Thumb Code     0  startup.o(RESET)
    GPIOPortP3_Handler                       0x00000283   Thumb Code     0  startup.o(RESET)
    GPIOPortP4_Handler                       0x00000283   Thumb Code     0  startup.o(RESET)
    GPIOPortP5_Handler                       0x00000283   Thumb Code     0  startup.o(RESET)
    GPIOPortP6_Handler                       0x00000283   Thumb Code     0  startup.o(RESET)
    GPIOPortP7_Handler                       0x00000283   Thumb Code     0  startup.o(RESET)
    GPIOPortP_Handler                        0x00000283   Thumb Code     0  startup.o(RESET)
    GPIOPortQ1_Handler                       0x00000283   Thumb Code     0  startup.o(RESET)
    GPIOPortQ2_Handler                       0x00000283   Thumb Code     0  startup.o(RESET)
    GPIOPortQ3_Handler                       0x00000283   Thumb Code     0  startup.o(RESET)
    GPIOPortQ4_Handler                       0x00000283   Thumb Code     0  startup.o(RESET)
    GPIOPortQ5_Handler                       0x00000283   Thumb Code     0  startup.o(RESET)
    GPIOPortQ6_Handler                       0x00000283   Thumb Code     0  startup.o(RESET)
    GPIOPortQ7_Handler                       0x00000283   Thumb Code     0  startup.o(RESET)
    GPIOPortQ_Handler                        0x00000283   Thumb Code     0  startup.o(RESET)
    GPIOPortR_Handler                        0x00000283   Thumb Code     0  startup.o(RESET)
    GPIOPortS_Handler                        0x00000283   Thumb Code     0  startup.o(RESET)
    Hibernate_Handler                        0x00000283   Thumb Code     0  startup.o(RESET)
    I2C0_Handler                             0x00000283   Thumb Code     0  startup.o(RESET)
    I2C1_Handler                             0x00000283   Thumb Code     0  startup.o(RESET)
    I2C2_Handler                             0x00000283   Thumb Code     0  startup.o(RESET)
    I2C3_Handler                             0x00000283   Thumb Code     0  startup.o(RESET)
    I2C4_Handler                             0x00000283   Thumb Code     0  startup.o(RESET)
    I2C5_Handler                             0x00000283   Thumb Code     0  startup.o(RESET)
    I2S0_Handler                             0x00000283   Thumb Code     0  startup.o(RESET)
    LPC0_Handler                             0x00000283   Thumb Code     0  startup.o(RESET)
    PECI0_Handler                            0x00000283   Thumb Code     0  startup.o(RESET)
    PWM0Fault_Handler                        0x00000283   Thumb Code     0  startup.o(RESET)
    PWM0Generator0_Handler                   0x00000283   Thumb Code     0  startup.o(RESET)
    PWM0Generator1_Handler                   0x00000283   Thumb Code     0  startup.o(RESET)
    PWM0Generator2_Handler                   0x00000283   Thumb Code     0  startup.o(RESET)
    PWM0Generator3_Handler                   0x00000283   Thumb Code     0  startup.o(RESET)
    PWM1Fault_Handler                        0x00000283   Thumb Code     0  startup.o(RESET)
    PWM1Generator0_Handler                   0x00000283   Thumb Code     0  startup.o(RESET)
    PWM1Generator1_Handler                   0x00000283   Thumb Code     0  startup.o(RESET)
    PWM1Generator2_Handler                   0x00000283   Thumb Code     0  startup.o(RESET)
    PWM1Generator3_Handler                   0x00000283   Thumb Code     0  startup.o(RESET)
    Quadrature0_Handler                      0x00000283   Thumb Code     0  startup.o(RESET)
    Quadrature1_Handler                      0x00000283   Thumb Code     0  startup.o(RESET)
    Quadrature2_Handler                      0x00000283   Thumb Code     0  startup.o(RESET)
    SSI0_Handler                             0x00000283   Thumb Code     0  startup.o(RESET)
    SSI1_Handler                             0x00000283   Thumb Code     0  startup.o(RESET)
    SSI2_Handler                             0x00000283   Thumb Code     0  startup.o(RESET)
    SSI3_Handler                             0x00000283   Thumb Code     0  startup.o(RESET)
    SysCtl_Handler                           0x00000283   Thumb Code     0  startup.o(RESET)
    Timer0A_Handler                          0x00000283   Thumb Code     0  startup.o(RESET)
    Timer0B_Handler                          0x00000283   Thumb Code     0  startup.o(RESET)
    Timer1A_Handler                          0x00000283   Thumb Code     0  startup.o(RESET)
    Timer1B_Handler                          0x00000283   Thumb Code     0  startup.o(RESET)
    Timer2A_Handler                          0x00000283   Thumb Code     0  startup.o(RESET)
    Timer2B_Handler                          0x00000283   Thumb Code     0  startup.o(RESET)
    Timer3A_Handler                          0x00000283   Thumb Code     0  startup.o(RESET)
    Timer3B_Handler                          0x00000283   Thumb Code     0  startup.o(RESET)
    Timer4B_Handler                          0x00000283   Thumb Code     0  startup.o(RESET)
    Timer5B_Handler                          0x00000283   Thumb Code     0  startup.o(RESET)
    UART0_Handler                            0x00000283   Thumb Code     0  startup.o(RESET)
    UART1_Handler                            0x00000283   Thumb Code     0  startup.o(RESET)
    UART2_Handler                            0x00000283   Thumb Code     0  startup.o(RESET)
    UART3_Handler                            0x00000283   Thumb Code     0  startup.o(RESET)
    UART4_Handler                            0x00000283   Thumb Code     0  startup.o(RESET)
    UART5_Handler                            0x00000283   Thumb Code     0  startup.o(RESET)
    UART6_Handler                            0x00000283   Thumb Code     0  startup.o(RESET)
    UART7_Handler                            0x00000283   Thumb Code     0  startup.o(RESET)
    USB0_Handler                             0x00000283   Thumb Code     0  startup.o(RESET)
    WDT_Handler                              0x00000283   Thumb Code     0  startup.o(RESET)
    WideTimer0A_Handler                      0x00000283   Thumb Code     0  startup.o(RESET)
    WideTimer0B_Handler                      0x00000283   Thumb Code     0  startup.o(RESET)
    WideTimer1A_Handler                      0x00000283   Thumb Code     0  startup.o(RESET)
    WideTimer1B_Handler                      0x00000283   Thumb Code     0  startup.o(RESET)
    WideTimer2A_Handler                      0x00000283   Thumb Code     0  startup.o(RESET)
    WideTimer2B_Handler                      0x00000283   Thumb Code     0  startup.o(RESET)
    WideTimer3A_Handler                      0x00000283   Thumb Code     0  startup.o(RESET)
    WideTimer3B_Handler                      0x00000283   Thumb Code     0  startup.o(RESET)
    WideTimer4A_Handler                      0x00000283   Thumb Code     0  startup.o(RESET)
    WideTimer4B_Handler                      0x00000283   Thumb Code     0  startup.o(RESET)
    WideTimer5A_Handler                      0x00000283   Thumb Code     0  startup.o(RESET)
    WideTimer5B_Handler                      0x00000283   Thumb Code     0  startup.o(RESET)
    uDMA_Error                               0x00000283   Thumb Code     0  startup.o(RESET)
    uDMA_Handler                             0x00000283   Thumb Code     0  startup.o(RESET)
    __main                                   0x00000285   Thumb Code     8  __main.o(!!!main)
    __scatterload                            0x0000028d   Thumb Code     0  __scatter.o(!!!scatter)
    __scatterload_rt2                        0x0000028d   Thumb Code    84  __scatter.o(!!!scatter)
    __scatterload_rt2_thumb_only             0x0000028d   Thumb Code     0  __scatter.o(!!!scatter)
    __scatterload_loop                       0x00000297   Thumb Code     0  __scatter.o(!!!scatter)
    __scatterload_copy                       0x000002e9   Thumb Code    26  __scatter_copy.o(!!handler_copy)
    __scatterload_null                       0x00000305   Thumb Code     2  __scatter.o(!!handler_null)
    __scatterload_zeroinit                   0x00000309   Thumb Code    28  __scatter_zi.o(!!handler_zi)
    __rt_lib_init                            0x00000325   Thumb Code     0  libinit.o(.ARM.Collect$$libinit$$00000000)
    __rt_lib_init_alloca_1                   0x00000327   Thumb Code     0  libinit2.o(.ARM.Collect$$libinit$$00000030)
    __rt_lib_init_argv_1                     0x00000327   Thumb Code     0  libinit2.o(.ARM.Collect$$libinit$$0000002E)
    __rt_lib_init_atexit_1                   0x00000327   Thumb Code     0  libinit2.o(.ARM.Collect$$libinit$$0000001D)
    __rt_lib_init_clock_1                    0x00000327   Thumb Code     0  libinit2.o(.ARM.Collect$$libinit$$00000023)
    __rt_lib_init_cpp_1                      0x00000327   Thumb Code     0  libinit2.o(.ARM.Collect$$libinit$$00000034)
    __rt_lib_init_exceptions_1               0x00000327   Thumb Code     0  libinit2.o(.ARM.Collect$$libinit$$00000032)
    __rt_lib_init_fp_1                       0x00000327   Thumb Code     0  libinit2.o(.ARM.Collect$$libinit$$00000002)
    __rt_lib_init_fp_trap_1                  0x00000327   Thumb Code     0  libinit2.o(.ARM.Collect$$libinit$$00000021)
    __rt_lib_init_getenv_1                   0x00000327   Thumb Code     0  libinit2.o(.ARM.Collect$$libinit$$00000025)
    __rt_lib_init_heap_1                     0x00000327   Thumb Code     0  libinit2.o(.ARM.Collect$$libinit$$0000000C)
    __rt_lib_init_lc_collate_1               0x00000327   Thumb Code     0  libinit2.o(.ARM.Collect$$libinit$$00000013)
    __rt_lib_init_lc_ctype_1                 0x00000327   Thumb Code     0  libinit2.o(.ARM.Collect$$libinit$$00000015)
    __rt_lib_init_lc_monetary_1              0x00000327   Thumb Code     0  libinit2.o(.ARM.Collect$$libinit$$00000017)
    __rt_lib_init_lc_numeric_1               0x00000327   Thumb Code     0  libinit2.o(.ARM.Collect$$libinit$$00000019)
    __rt_lib_init_lc_time_1                  0x00000327   Thumb Code     0  libinit2.o(.ARM.Collect$$libinit$$0000001B)
    __rt_lib_init_preinit_1                  0x00000327   Thumb Code     0  libinit2.o(.ARM.Collect$$libinit$$00000006)
    __rt_lib_init_rand_1                     0x00000327   Thumb Code     0  libinit2.o(.ARM.Collect$$libinit$$00000010)
    __rt_lib_init_relocate_pie_1             0x00000327   Thumb Code     0  libinit2.o(.ARM.Collect$$libinit$$00000004)
    __rt_lib_init_return                     0x00000327   Thumb Code     0  libinit2.o(.ARM.Collect$$libinit$$00000035)
    __rt_lib_init_signal_1                   0x00000327   Thumb Code     0  libinit2.o(.ARM.Collect$$libinit$$0000001F)
    __rt_lib_init_stdio_1                    0x00000327   Thumb Code     0  libinit2.o(.ARM.Collect$$libinit$$00000027)
    __rt_lib_init_user_alloc_1               0x00000327   Thumb Code     0  libinit2.o(.ARM.Collect$$libinit$$0000000E)
    __rt_lib_shutdown                        0x00000329   Thumb Code     0  libshutdown.o(.ARM.Collect$$libshutdown$$00000000)
    __rt_lib_shutdown_cpp_1                  0x0000032b   Thumb Code     0  libshutdown2.o(.ARM.Collect$$libshutdown$$00000002)
    __rt_lib_shutdown_fp_trap_1              0x0000032b   Thumb Code     0  libshutdown2.o(.ARM.Collect$$libshutdown$$00000007)
    __rt_lib_shutdown_heap_1                 0x0000032b   Thumb Code     0  libshutdown2.o(.ARM.Collect$$libshutdown$$0000000F)
    __rt_lib_shutdown_return                 0x0000032b   Thumb Code     0  libshutdown2.o(.ARM.Collect$$libshutdown$$00000010)
    __rt_lib_shutdown_signal_1               0x0000032b   Thumb Code     0  libshutdown2.o(.ARM.Collect$$libshutdown$$0000000A)
    __rt_lib_shutdown_stdio_1                0x0000032b   Thumb Code     0  libshutdown2.o(.ARM.Collect$$libshutdown$$00000004)
    __rt_lib_shutdown_user_alloc_1           0x0000032b   Thumb Code     0  libshutdown2.o(.ARM.Collect$$libshutdown$$0000000C)
    __rt_entry                               0x0000032d   Thumb Code     0  __rtentry.o(.ARM.Collect$$rtentry$$00000000)
    __rt_entry_presh_1                       0x0000032d   Thumb Code     0  __rtentry2.o(.ARM.Collect$$rtentry$$00000002)
    __rt_entry_sh                            0x0000032d   Thumb Code     0  __rtentry4.o(.ARM.Collect$$rtentry$$00000004)
    __rt_entry_li                            0x00000333   Thumb Code     0  __rtentry2.o(.ARM.Collect$$rtentry$$0000000A)
    __rt_entry_postsh_1                      0x00000333   Thumb Code     0  __rtentry2.o(.ARM.Collect$$rtentry$$00000009)
    __rt_entry_main                          0x00000337   Thumb Code     0  __rtentry2.o(.ARM.Collect$$rtentry$$0000000D)
    __rt_entry_postli_1                      0x00000337   Thumb Code     0  __rtentry2.o(.ARM.Collect$$rtentry$$0000000C)
    __rt_exit                                0x0000033f   Thumb Code     0  rtexit.o(.ARM.Collect$$rtexit$$00000000)
    __rt_exit_ls                             0x00000341   Thumb Code     0  rtexit2.o(.ARM.Collect$$rtexit$$00000003)
    __rt_exit_prels_1                        0x00000341   Thumb Code     0  rtexit2.o(.ARM.Collect$$rtexit$$00000002)
    __rt_exit_exit                           0x00000345   Thumb Code     0  rtexit2.o(.ARM.Collect$$rtexit$$00000004)
    DisableInterrupts                        0x0000034d   Thumb Code     0  startup.o(.text)
    EnableInterrupts                         0x00000351   Thumb Code     0  startup.o(.text)
    StartCritical                            0x00000355   Thumb Code     0  startup.o(.text)
    EndCritical                              0x0000035d   Thumb Code     0  startup.o(.text)
    WaitForInterrupt                         0x00000363   Thumb Code     0  startup.o(.text)
    __user_initial_stackheap                 0x00000367   Thumb Code     0  startup.o(.text)
    __use_two_region_memory                  0x0000037d   Thumb Code     2  heapauxi.o(.text)
    __rt_heap_escrow$2region                 0x0000037f   Thumb Code     2  heapauxi.o(.text)
    __rt_heap_expand$2region                 0x00000381   Thumb Code     2  heapauxi.o(.text)
    __user_setup_stackheap                   0x00000383   Thumb Code    74  sys_stackheap_outer.o(.text)
    exit                                     0x000003cd   Thumb Code    18  exit.o(.text)
    __user_libspace                          0x000003e1   Thumb Code     8  libspace.o(.text)
    __user_perproc_libspace                  0x000003e1   Thumb Code     0  libspace.o(.text)
    __user_perthread_libspace                0x000003e1   Thumb Code     0  libspace.o(.text)
    _sys_exit                                0x000003e9   Thumb Code     8  sys_exit.o(.text)
    __I$use$semihosting                      0x000003f5   Thumb Code     0  use_no_semi.o(.text)
    __use_no_semihosting_swi                 0x000003f5   Thumb Code     2  use_no_semi.o(.text)
    __semihosting_library_function           0x000003f7   Thumb Code     0  indicate_semi.o(.text)
    ADC0_In                                  0x000003f9   Thumb Code    32  adc.o(.text.ADC0_In)
    ADC0_Init                                0x00000419   Thumb Code   152  adc.o(.text.ADC0_Init)
    ST7735_DrawCharS                         0x000004b1   Thumb Code   390  st7735.o(.text.ST7735_DrawCharS)
    ST7735_FillRect                          0x00000639   Thumb Code   152  st7735.o(.text.ST7735_FillRect)
    ST7735_FillScreen                        0x000006d1   Thumb Code    90  st7735.o(.text.ST7735_FillScreen)
    ST7735_InitR                             0x0000072d   Thumb Code   254  st7735.o(.text.ST7735_InitR)
    ST7735_OutChar                           0x0000082d   Thumb Code   266  st7735.o(.text.ST7735_OutChar)
    ST7735_OutString                         0x00000939   Thumb Code    32  st7735.o(.text.ST7735_OutString)
    ST7735_SetCursor                         0x00000959   Thumb Code    32  st7735.o(.text.ST7735_SetCursor)
    SysTick_Handler                          0x00000979   Thumb Code    30  measurementofdistance.o(.text.SysTick_Handler)
    main                                     0x00000bed   Thumb Code   260  measurementofdistance.o(.text.main)
    ADC1_In                                  0x00000e31   Thumb Code     6  texas.o(i.ADC1_In)
    Encrypt                                  0x00000e3d   Thumb Code    92  texas.o(i.Encrypt)
    SetCode                                  0x00000ea9   Thumb Code    20  texas.o(i.SetCode)
    SetGrade                                 0x00000ec1   Thumb Code   196  texas.o(i.SetGrade)
    Timer4A_Handler                          0x00000f8d   Thumb Code    20  texas.o(i.Timer4A_Handler)
    Timer5A_Handler                          0x00000fad   Thumb Code  2132  texas.o(i.Timer5A_Handler)
    checkADCconfiguration                    0x0000182d   Thumb Code   150  texas.o(i.checkADCconfiguration)
    checkDisplayconfiguration                0x000018d5   Thumb Code   636  texas.o(i.checkDisplayconfiguration)
    checkLinearity                           0x00001b7d   Thumb Code   416  texas.o(i.checkLinearity)
    Port                                     0x00001d20   Data          24  texas.o(.constdata)
    InputPortMsgE2                           0x00001d38   Data          40  texas.o(.constdata)
    InputPortMsgE3                           0x00001d60   Data          40  texas.o(.constdata)
    InputPortMsgE5                           0x00001d88   Data          40  texas.o(.constdata)
    OutputPortMsg0                           0x00001db0   Data          40  texas.o(.constdata)
    OutputPortMsg1                           0x00001dd8   Data          40  texas.o(.constdata)
    OutputPortMsg2                           0x00001e00   Data          40  texas.o(.constdata)
    OutputPortMsg3                           0x00001e28   Data          40  texas.o(.constdata)
    BlankMsg                                 0x00001e50   Data          40  texas.o(.constdata)
    InitializedMsg                           0x00001e78   Data          40  texas.o(.constdata)
    IntroMsg                                 0x00001ea0   Data          40  texas.o(.constdata)
    DoneMsg                                  0x00001ec8   Data          40  texas.o(.constdata)
    TestMsg                                  0x00001ef0   Data          40  texas.o(.constdata)
    LabTest                                  0x00001f18   Data        5428  texas.o(.constdata)
    BgTest                                   0x0000344c   Data         160  texas.o(.constdata)
    ADCconfigSuccessMsg                      0x000034ec   Data          25  texas.o(.constdata)
    ADCconfigErrorMsg                        0x00003505   Data          29  texas.o(.constdata)
    ADCconfigNotUsingS3Msg                   0x00003522   Data          34  texas.o(.constdata)
    ADCconfigBadTriggerMsg                   0x00003544   Data          35  texas.o(.constdata)
    ADCconfigBadChannelMsg                   0x00003567   Data          35  texas.o(.constdata)
    ADCconfigTemperatureMsg                  0x0000358a   Data          35  texas.o(.constdata)
    ADCconfigSIENotUsedMsg                   0x000035ad   Data          33  texas.o(.constdata)
    ADCconfigEndNotUsedMsg                   0x000035ce   Data          33  texas.o(.constdata)
    ADCconfigDifferentialMsg                 0x000035ef   Data          36  texas.o(.constdata)
    DisplaySuccessMsg                        0x00003613   Data          32  texas.o(.constdata)
    DisplayErrorMsg                          0x00003633   Data          35  texas.o(.constdata)
    DisplayClockOffMsg                       0x00003656   Data          34  texas.o(.constdata)
    DisplayUART0WrongMsg                     0x00003678   Data          33  texas.o(.constdata)
    DisplayPortAWrongMsg                     0x00003699   Data          33  texas.o(.constdata)
    DisplaySSI0WrongMsg                      0x000036ba   Data          32  texas.o(.constdata)
    Linearity90Msg                           0x000036da   Data          35  texas.o(.constdata)
    LinearityErrorMsg                        0x000036fd   Data          30  texas.o(.constdata)
    LinearityOutMsg                          0x0000371b   Data         330  texas.o(.constdata)
    Key                                      0x00003865   Data           8  texas.o(.constdata)
    Scramble                                 0x00003870   Data          32  texas.o(.constdata)
    DeScramble                               0x00003890   Data          32  texas.o(.constdata)
    Region$$Table$$Base                      0x00003e44   Number         0  anon$$obj.o(Region$$Table)
    Region$$Table$$Limit                     0x00003e64   Number         0  anon$$obj.o(Region$$Table)
    InPort                                   0x20000000   Data           4  texas.o(.data)
    OutPort                                  0x20000004   Data           4  texas.o(.data)
    BgTestStatus                             0x20000008   Data           1  texas.o(.data)
    TExaS_Period                             0x2000000c   Data           4  texas.o(.data)
    TExaS_Ports                              0x2000003c   Data           8  texas.o(.data)
    Display                                  0x20000044   Data           1  texas.o(.data)
    TExaS_Meter                              0x20000048   Data           4  texas.o(.data)
    ADCnum                                   0x2000004c   Data           4  texas.o(.data)
    LastMode                                 0x20000050   Data           4  texas.o(.data)
    bFlag                                    0x20000054   Data           4  texas.o(.data)
    Count                                    0x20000058   Data           4  texas.o(.data)
    DelayBetweenTests                        0x2000005c   Data           4  texas.o(.data)
    TExaS_Test                               0x20000060   Data           4  texas.o(.data)
    ScopeMode                                0x20000064   Data           4  texas.o(.data)
    ScopeCount                               0x20000068   Data           4  texas.o(.data)
    r2                                       0x2000006c   Data           4  texas.o(.data)
    StTextColor                              0x20000070   Data           2  st7735.o(.data.StTextColor)
    TExaS                                    0x20000078   Data          56  texas.o(.bss)
    TExaS_ADC                                0x200000b0   Data         512  texas.o(.bss)
    MagicCode                                0x200002b0   Data          10  texas.o(.bss)
    EncriptedMagicCode                       0x200002ba   Data          10  texas.o(.bss)
    StudentID                                0x200002c4   Data          40  texas.o(.bss)
    __libspace_start                         0x200002ec   Data          96  libspace.o(.bss)
    ADCdata                                  0x2000034c   Data           4  measurementofdistance.o(.bss.ADCdata)
    __temporary_stack_top$libspace           0x2000034c   Data           0  libspace.o(.bss)
    Distance                                 0x20000354   Data           4  measurementofdistance.o(.bss.Distance)
    Flag                                     0x20000358   Data           4  measurementofdistance.o(.bss.Flag)
    StX                                      0x20000360   Data           4  st7735.o(.bss.StX)
    StY                                      0x20000364   Data           4  st7735.o(.bss.StY)
    String                                   0x20000368   Data          10  measurementofdistance.o(.bss.String)



==============================================================================

Memory Map of the image

  Image Entry point : 0x0000026d

  Load Region LR_1 (Base: 0x00000000, Size: 0x00003ed8, Max: 0xffffffff, ABSOLUTE)

    Execution Region ER_RO (Exec base: 0x00000000, Load base: 0x00000000, Size: 0x00003e64, Max: 0xffffffff, ABSOLUTE)

    Exec Addr    Load Addr    Size         Type   Attr      Idx    E Section Name        Object

    0x00000000   0x00000000   0x00000284   Code   RO            3  * RESET               startup.o
    0x00000284   0x00000284   0x00000008   Code   RO          326  * !!!main             c_w.l(__main.o)
    0x0000028c   0x0000028c   0x0000005c   Code   RO          491    !!!scatter          c_w.l(__scatter.o)
    0x000002e8   0x000002e8   0x0000001a   Code   RO          495    !!handler_copy      c_w.l(__scatter_copy.o)
    0x00000302   0x00000302   0x00000002   PAD
    0x00000304   0x00000304   0x00000002   Code   RO          492    !!handler_null      c_w.l(__scatter.o)
    0x00000306   0x00000306   0x00000002   PAD
    0x00000308   0x00000308   0x0000001c   Code   RO          497    !!handler_zi        c_w.l(__scatter_zi.o)
    0x00000324   0x00000324   0x00000002   Code   RO          353    .ARM.Collect$$libinit$$00000000  c_w.l(libinit.o)
    0x00000326   0x00000326   0x00000000   Code   RO          360    .ARM.Collect$$libinit$$00000002  c_w.l(libinit2.o)
    0x00000326   0x00000326   0x00000000   Code   RO          362    .ARM.Collect$$libinit$$00000004  c_w.l(libinit2.o)
    0x00000326   0x00000326   0x00000000   Code   RO          364    .ARM.Collect$$libinit$$00000006  c_w.l(libinit2.o)
    0x00000326   0x00000326   0x00000000   Code   RO          367    .ARM.Collect$$libinit$$0000000C  c_w.l(libinit2.o)
    0x00000326   0x00000326   0x00000000   Code   RO          369    .ARM.Collect$$libinit$$0000000E  c_w.l(libinit2.o)
    0x00000326   0x00000326   0x00000000   Code   RO          371    .ARM.Collect$$libinit$$00000010  c_w.l(libinit2.o)
    0x00000326   0x00000326   0x00000000   Code   RO          374    .ARM.Collect$$libinit$$00000013  c_w.l(libinit2.o)
    0x00000326   0x00000326   0x00000000   Code   RO          376    .ARM.Collect$$libinit$$00000015  c_w.l(libinit2.o)
    0x00000326   0x00000326   0x00000000   Code   RO          378    .ARM.Collect$$libinit$$00000017  c_w.l(libinit2.o)
    0x00000326   0x00000326   0x00000000   Code   RO          380    .ARM.Collect$$libinit$$00000019  c_w.l(libinit2.o)
    0x00000326   0x00000326   0x00000000   Code   RO          382    .ARM.Collect$$libinit$$0000001B  c_w.l(libinit2.o)
    0x00000326   0x00000326   0x00000000   Code   RO          384    .ARM.Collect$$libinit$$0000001D  c_w.l(libinit2.o)
    0x00000326   0x00000326   0x00000000   Code   RO          386    .ARM.Collect$$libinit$$0000001F  c_w.l(libinit2.o)
    0x00000326   0x00000326   0x00000000   Code   RO          388    .ARM.Collect$$libinit$$00000021  c_w.l(libinit2.o)
    0x00000326   0x00000326   0x00000000   Code   RO          390    .ARM.Collect$$libinit$$00000023  c_w.l(libinit2.o)
    0x00000326   0x00000326   0x00000000   Code   RO          392    .ARM.Collect$$libinit$$00000025  c_w.l(libinit2.o)
    0x00000326   0x00000326   0x00000000   Code   RO          394    .ARM.Collect$$libinit$$00000027  c_w.l(libinit2.o)
    0x00000326   0x00000326   0x00000000   Code   RO          398    .ARM.Collect$$libinit$$0000002E  c_w.l(libinit2.o)
    0x00000326   0x00000326   0x00000000   Code   RO          400    .ARM.Collect$$libinit$$00000030  c_w.l(libinit2.o)
    0x00000326   0x00000326   0x00000000   Code   RO          402    .ARM.Collect$$libinit$$00000032  c_w.l(libinit2.o)
    0x00000326   0x00000326   0x00000000   Code   RO          404    .ARM.Collect$$libinit$$00000034  c_w.l(libinit2.o)
    0x00000326   0x00000326   0x00000002   Code   RO          405    .ARM.Collect$$libinit$$00000035  c_w.l(libinit2.o)
    0x00000328   0x00000328   0x00000002   Code   RO          427    .ARM.Collect$$libshutdown$$00000000  c_w.l(libshutdown.o)
    0x0000032a   0x0000032a   0x00000000   Code   RO          442    .ARM.Collect$$libshutdown$$00000002  c_w.l(libshutdown2.o)
    0x0000032a   0x0000032a   0x00000000   Code   RO          444    .ARM.Collect$$libshutdown$$00000004  c_w.l(libshutdown2.o)
    0x0000032a   0x0000032a   0x00000000   Code   RO          447    .ARM.Collect$$libshutdown$$00000007  c_w.l(libshutdown2.o)
    0x0000032a   0x0000032a   0x00000000   Code   RO          450    .ARM.Collect$$libshutdown$$0000000A  c_w.l(libshutdown2.o)
    0x0000032a   0x0000032a   0x00000000   Code   RO          452    .ARM.Collect$$libshutdown$$0000000C  c_w.l(libshutdown2.o)
    0x0000032a   0x0000032a   0x00000000   Code   RO          455    .ARM.Collect$$libshutdown$$0000000F  c_w.l(libshutdown2.o)
    0x0000032a   0x0000032a   0x00000002   Code   RO          456    .ARM.Collect$$libshutdown$$00000010  c_w.l(libshutdown2.o)
    0x0000032c   0x0000032c   0x00000000   Code   RO          328    .ARM.Collect$$rtentry$$00000000  c_w.l(__rtentry.o)
    0x0000032c   0x0000032c   0x00000000   Code   RO          330    .ARM.Collect$$rtentry$$00000002  c_w.l(__rtentry2.o)
    0x0000032c   0x0000032c   0x00000006   Code   RO          342    .ARM.Collect$$rtentry$$00000004  c_w.l(__rtentry4.o)
    0x00000332   0x00000332   0x00000000   Code   RO          332    .ARM.Collect$$rtentry$$00000009  c_w.l(__rtentry2.o)
    0x00000332   0x00000332   0x00000004   Code   RO          333    .ARM.Collect$$rtentry$$0000000A  c_w.l(__rtentry2.o)
    0x00000336   0x00000336   0x00000000   Code   RO          335    .ARM.Collect$$rtentry$$0000000C  c_w.l(__rtentry2.o)
    0x00000336   0x00000336   0x00000008   Code   RO          336    .ARM.Collect$$rtentry$$0000000D  c_w.l(__rtentry2.o)
    0x0000033e   0x0000033e   0x00000002   Code   RO          357    .ARM.Collect$$rtexit$$00000000  c_w.l(rtexit.o)
    0x00000340   0x00000340   0x00000000   Code   RO          407    .ARM.Collect$$rtexit$$00000002  c_w.l(rtexit2.o)
    0x00000340   0x00000340   0x00000004   Code   RO          408    .ARM.Collect$$rtexit$$00000003  c_w.l(rtexit2.o)
    0x00000344   0x00000344   0x00000006   Code   RO          409    .ARM.Collect$$rtexit$$00000004  c_w.l(rtexit2.o)
    0x0000034a   0x0000034a   0x00000002   PAD
    0x0000034c   0x0000034c   0x00000030   Code   RO            4    .text               startup.o
    0x0000037c   0x0000037c   0x00000006   Code   RO          324    .text               c_w.l(heapauxi.o)
    0x00000382   0x00000382   0x0000004a   Code   RO          344    .text               c_w.l(sys_stackheap_outer.o)
    0x000003cc   0x000003cc   0x00000012   Code   RO          346    .text               c_w.l(exit.o)
    0x000003de   0x000003de   0x00000002   PAD
    0x000003e0   0x000003e0   0x00000008   Code   RO          354    .text               c_w.l(libspace.o)
    0x000003e8   0x000003e8   0x0000000c   Code   RO          417    .text               c_w.l(sys_exit.o)
    0x000003f4   0x000003f4   0x00000002   Code   RO          432    .text               c_w.l(use_no_semi.o)
    0x000003f6   0x000003f6   0x00000000   Code   RO          434    .text               c_w.l(indicate_semi.o)
    0x000003f6   0x000003f6   0x00000002   PAD
    0x000003f8   0x000003f8   0x00000020   Code   RO           38    .text.ADC0_In       adc.o
    0x00000418   0x00000418   0x00000098   Code   RO           36    .text.ADC0_Init     adc.o
    0x000004b0   0x000004b0   0x00000186   Code   RO           78    .text.ST7735_DrawCharS  st7735.o
    0x00000636   0x00000636   0x00000002   PAD
    0x00000638   0x00000638   0x00000098   Code   RO           70    .text.ST7735_FillRect  st7735.o
    0x000006d0   0x000006d0   0x0000005a   Code   RO           56    .text.ST7735_FillScreen  st7735.o
    0x0000072a   0x0000072a   0x00000002   PAD
    0x0000072c   0x0000072c   0x000000fe   Code   RO           58    .text.ST7735_InitR  st7735.o
    0x0000082a   0x0000082a   0x00000002   PAD
    0x0000082c   0x0000082c   0x0000010a   Code   RO          108    .text.ST7735_OutChar  st7735.o
    0x00000936   0x00000936   0x00000002   PAD
    0x00000938   0x00000938   0x00000020   Code   RO          110    .text.ST7735_OutString  st7735.o
    0x00000958   0x00000958   0x00000020   Code   RO           54    .text.ST7735_SetCursor  st7735.o
    0x00000978   0x00000978   0x0000001e   Code   RO           17    .text.SysTick_Handler  measurementofdistance.o
    0x00000996   0x00000996   0x00000002   PAD
    0x00000998   0x00000998   0x000000a8   Code   RO           60    .text.commandList   st7735.o
    0x00000a40   0x00000a40   0x000001ac   Code   RO           52    .text.commonInit    st7735.o
    0x00000bec   0x00000bec   0x0000010c   Code   RO           21    .text.main          measurementofdistance.o
    0x00000cf8   0x00000cf8   0x00000136   Code   RO           64    .text.setAddrWindow  st7735.o
    0x00000e2e   0x00000e2e   0x00000002   PAD
    0x00000e30   0x00000e30   0x0000000c   Code   RO          158    i.ADC1_In           texas.o
    0x00000e3c   0x00000e3c   0x0000006c   Code   RO          161    i.Encrypt           texas.o
    0x00000ea8   0x00000ea8   0x00000018   Code   RO          164    i.SetCode           texas.o
    0x00000ec0   0x00000ec0   0x000000cc   Code   RO          166    i.SetGrade          texas.o
    0x00000f8c   0x00000f8c   0x00000020   Code   RO          172    i.Timer4A_Handler   texas.o
    0x00000fac   0x00000fac   0x00000880   Code   RO          173    i.Timer5A_Handler   texas.o
    0x0000182c   0x0000182c   0x000000a8   Code   RO          179    i.checkADCconfiguration  texas.o
    0x000018d4   0x000018d4   0x000002a8   Code   RO          180    i.checkDisplayconfiguration  texas.o
    0x00001b7c   0x00001b7c   0x000001a4   Code   RO          181    i.checkLinearity    texas.o
    0x00001d20   0x00001d20   0x00001b90   Data   RO          184    .constdata          texas.o
    0x000038b0   0x000038b0   0x000004fb   Data   RO          141    .rodata.Font        st7735.o
    0x00003dab   0x00003dab   0x0000003b   Data   RO          134    .rodata.Rcmd1       st7735.o
    0x00003de6   0x00003de6   0x0000000d   Data   RO          135    .rodata.Rcmd2green  st7735.o
    0x00003df3   0x00003df3   0x0000000d   Data   RO          138    .rodata.Rcmd2red    st7735.o
    0x00003e00   0x00003e00   0x0000002b   Data   RO          139    .rodata.Rcmd3       st7735.o
    0x00003e2b   0x00003e2b   0x00000016   Data   RO          150    .rodata.str1.1      st7735.o
    0x00003e41   0x00003e41   0x00000003   PAD
    0x00003e44   0x00003e44   0x00000020   Data   RO          490    Region$$Table       anon$$obj.o


    Execution Region ER_RW (Exec base: 0x20000000, Load base: 0x00003e64, Size: 0x00000074, Max: 0xffffffff, ABSOLUTE)

    Exec Addr    Load Addr    Size         Type   Attr      Idx    E Section Name        Object

    0x20000000   0x00003e64   0x00000070   Data   RW          185    .data               texas.o
    0x20000070   0x00003ed4   0x00000002   Data   RW          132    .data.StTextColor   st7735.o


    Execution Region ER_ZI (Exec base: 0x20000078, Load base: 0x00003ed8, Size: 0x00000700, Max: 0xffffffff, ABSOLUTE)

    Exec Addr    Load Addr    Size         Type   Attr      Idx    E Section Name        Object

    0x20000078        -       0x00000274   Zero   RW          183    .bss                texas.o
    0x200002ec        -       0x00000060   Zero   RW          355    .bss                c_w.l(libspace.o)
    0x2000034c        -       0x00000004   Zero   RW           23    .bss.ADCdata        measurementofdistance.o
    0x20000350        -       0x00000001   Zero   RW          136    .bss.ColStart       st7735.o
    0x20000351   0x00003ed8   0x00000003   PAD
    0x20000354        -       0x00000004   Zero   RW           26    .bss.Distance       measurementofdistance.o
    0x20000358        -       0x00000004   Zero   RW           24    .bss.Flag           measurementofdistance.o
    0x2000035c        -       0x00000001   Zero   RW          137    .bss.RowStart       st7735.o
    0x2000035d   0x00003ed8   0x00000003   PAD
    0x20000360        -       0x00000004   Zero   RW          130    .bss.StX            st7735.o
    0x20000364        -       0x00000004   Zero   RW          131    .bss.StY            st7735.o
    0x20000368        -       0x0000000a   Zero   RW           25    .bss.String         measurementofdistance.o
    0x20000372        -       0x00000001   Zero   RW          140    .bss.TabColor       st7735.o
    0x20000373   0x00003ed8   0x00000005   PAD
    0x20000378        -       0x00000000   Zero   RW            2    HEAP                startup.o
    0x20000378        -       0x00000400   Zero   RW            1    STACK               startup.o


==============================================================================

Image component sizes


      Code (inc. data)   RO Data    RW Data    ZI Data      Debug   Object Name

       184          0          0          0          0        689   adc.o
       298          8          0          0         22       2233   measurementofdistance.o
      2122          0       1425          2         11      24925   st7735.o
       692        632          0          0       1024        956   startup.o
      3824        336       7056        112        628      27420   texas.o

    ----------------------------------------------------------------------
      7132        976       8516        116       1696      56223   Object Totals
         0          0         32          0          0          0   (incl. Generated)
        12          0          3          2         11          0   (incl. Padding)

    ----------------------------------------------------------------------

      Code (inc. data)   RO Data    RW Data    ZI Data      Debug   Library Member Name

         8          0          0          0          0         68   __main.o
         0          0          0          0          0          0   __rtentry.o
        12          0          0          0          0          0   __rtentry2.o
         6          0          0          0          0          0   __rtentry4.o
        94          8          0          0          0          0   __scatter.o
        26          0          0          0          0          0   __scatter_copy.o
        28          0          0          0          0          0   __scatter_zi.o
        18          0          0          0          0         80   exit.o
         6          0          0          0          0        152   heapauxi.o
         0          0          0          0          0          0   indicate_semi.o
         2          0          0          0          0          0   libinit.o
         2          0          0          0          0          0   libinit2.o
         2          0          0          0          0          0   libshutdown.o
         2          0          0          0          0          0   libshutdown2.o
         8          4          0          0         96         68   libspace.o
         2          0          0          0          0          0   rtexit.o
        10          0          0          0          0          0   rtexit2.o
        12          4          0          0          0         68   sys_exit.o
        74          0          0          0          0         80   sys_stackheap_outer.o
         2          0          0          0          0         68   use_no_semi.o

    ----------------------------------------------------------------------
       324         16          0          0         96        584   Library Totals
        10          0          0          0          0          0   (incl. Padding)

    ----------------------------------------------------------------------

      Code (inc. data)   RO Data    RW Data    ZI Data      Debug   Library Name

       314         16          0          0         96        584   c_w.l

    ----------------------------------------------------------------------
       324         16          0          0         96        584   Library Totals

    ----------------------------------------------------------------------

==============================================================================


      Code (inc. data)   RO Data    RW Data    ZI Data      Debug   

      7456        992       8516        116       1792      56363   Grand Totals
      7456        992       8516        116       1792      56363   ELF Image Totals
      7456        992       8516        116          0          0   ROM Totals

==============================================================================

    Total RO  Size (Code + RO Data)                15972 (  15.60kB)
    Total RW  Size (RW Data + ZI Data)              1908 (   1.86kB)
    Total ROM Size (Code + RO Data + RW Data)      16088 (  15.71kB)

==============================================================================

